###############################################################################
#
# IAR ELF Linker V8.30.1.114/W32 for ARM                  08/May/2020  15:40:54
# Copyright 2007-2018 IAR Systems AB.
#
#    Output file  =  E:\TTE\EmbededPTP\PTPSlave\EWARM\ptptest\Exe\ptptest.out
#    Map file     =  E:\TTE\EmbededPTP\PTPSlave\EWARM\ptptest\List\ptptest.map
#    Command line =  
#        -f C:\Users\LKAYA\AppData\Local\Temp\EW7427.tmp
#        (E:\TTE\EmbededPTP\PTPSlave\EWARM\ptptest\Obj\api_lib.o
#        E:\TTE\EmbededPTP\PTPSlave\EWARM\ptptest\Obj\api_msg.o
#        E:\TTE\EmbededPTP\PTPSlave\EWARM\ptptest\Obj\arith.o
#        E:\TTE\EmbededPTP\PTPSlave\EWARM\ptptest\Obj\auth.o
#        E:\TTE\EmbededPTP\PTPSlave\EWARM\ptptest\Obj\autoip.o
#        E:\TTE\EmbededPTP\PTPSlave\EWARM\ptptest\Obj\bmc.o
#        E:\TTE\EmbededPTP\PTPSlave\EWARM\ptptest\Obj\ccp.o
#        E:\TTE\EmbededPTP\PTPSlave\EWARM\ptptest\Obj\chap-md5.o
#        E:\TTE\EmbededPTP\PTPSlave\EWARM\ptptest\Obj\chap-new.o
#        E:\TTE\EmbededPTP\PTPSlave\EWARM\ptptest\Obj\chap_ms.o
#        E:\TTE\EmbededPTP\PTPSlave\EWARM\ptptest\Obj\cmsis_os.o
#        E:\TTE\EmbededPTP\PTPSlave\EWARM\ptptest\Obj\croutine.o
#        E:\TTE\EmbededPTP\PTPSlave\EWARM\ptptest\Obj\def.o
#        E:\TTE\EmbededPTP\PTPSlave\EWARM\ptptest\Obj\demand.o
#        E:\TTE\EmbededPTP\PTPSlave\EWARM\ptptest\Obj\dhcp.o
#        E:\TTE\EmbededPTP\PTPSlave\EWARM\ptptest\Obj\dhcp6.o
#        E:\TTE\EmbededPTP\PTPSlave\EWARM\ptptest\Obj\dns.o
#        E:\TTE\EmbededPTP\PTPSlave\EWARM\ptptest\Obj\eap.o
#        E:\TTE\EmbededPTP\PTPSlave\EWARM\ptptest\Obj\ecp.o
#        E:\TTE\EmbededPTP\PTPSlave\EWARM\ptptest\Obj\err.o
#        E:\TTE\EmbededPTP\PTPSlave\EWARM\ptptest\Obj\etharp.o
#        E:\TTE\EmbededPTP\PTPSlave\EWARM\ptptest\Obj\ethernet.o
#        E:\TTE\EmbededPTP\PTPSlave\EWARM\ptptest\Obj\ethernetif.o
#        E:\TTE\EmbededPTP\PTPSlave\EWARM\ptptest\Obj\ethip6.o
#        E:\TTE\EmbededPTP\PTPSlave\EWARM\ptptest\Obj\eui64.o
#        E:\TTE\EmbededPTP\PTPSlave\EWARM\ptptest\Obj\event_groups.o
#        E:\TTE\EmbededPTP\PTPSlave\EWARM\ptptest\Obj\freertos.o
#        E:\TTE\EmbededPTP\PTPSlave\EWARM\ptptest\Obj\fsm.o
#        E:\TTE\EmbededPTP\PTPSlave\EWARM\ptptest\Obj\heap_4.o
#        E:\TTE\EmbededPTP\PTPSlave\EWARM\ptptest\Obj\icmp.o
#        E:\TTE\EmbededPTP\PTPSlave\EWARM\ptptest\Obj\icmp6.o
#        E:\TTE\EmbededPTP\PTPSlave\EWARM\ptptest\Obj\igmp.o
#        E:\TTE\EmbededPTP\PTPSlave\EWARM\ptptest\Obj\inet6.o
#        E:\TTE\EmbededPTP\PTPSlave\EWARM\ptptest\Obj\inet_chksum.o
#        E:\TTE\EmbededPTP\PTPSlave\EWARM\ptptest\Obj\init.o
#        E:\TTE\EmbededPTP\PTPSlave\EWARM\ptptest\Obj\ip.o
#        E:\TTE\EmbededPTP\PTPSlave\EWARM\ptptest\Obj\ip4.o
#        E:\TTE\EmbededPTP\PTPSlave\EWARM\ptptest\Obj\ip4_addr.o
#        E:\TTE\EmbededPTP\PTPSlave\EWARM\ptptest\Obj\ip4_frag.o
#        E:\TTE\EmbededPTP\PTPSlave\EWARM\ptptest\Obj\ip6.o
#        E:\TTE\EmbededPTP\PTPSlave\EWARM\ptptest\Obj\ip6_addr.o
#        E:\TTE\EmbededPTP\PTPSlave\EWARM\ptptest\Obj\ip6_frag.o
#        E:\TTE\EmbededPTP\PTPSlave\EWARM\ptptest\Obj\ipcp.o
#        E:\TTE\EmbededPTP\PTPSlave\EWARM\ptptest\Obj\ipv6cp.o
#        E:\TTE\EmbededPTP\PTPSlave\EWARM\ptptest\Obj\lcp.o
#        E:\TTE\EmbededPTP\PTPSlave\EWARM\ptptest\Obj\list.o
#        E:\TTE\EmbededPTP\PTPSlave\EWARM\ptptest\Obj\lowpan6.o
#        E:\TTE\EmbededPTP\PTPSlave\EWARM\ptptest\Obj\lwip.o
#        E:\TTE\EmbededPTP\PTPSlave\EWARM\ptptest\Obj\magic.o
#        E:\TTE\EmbededPTP\PTPSlave\EWARM\ptptest\Obj\main.o
#        E:\TTE\EmbededPTP\PTPSlave\EWARM\ptptest\Obj\mem.o
#        E:\TTE\EmbededPTP\PTPSlave\EWARM\ptptest\Obj\memp.o
#        E:\TTE\EmbededPTP\PTPSlave\EWARM\ptptest\Obj\mld6.o
#        E:\TTE\EmbededPTP\PTPSlave\EWARM\ptptest\Obj\mppe.o
#        E:\TTE\EmbededPTP\PTPSlave\EWARM\ptptest\Obj\mqtt.o
#        E:\TTE\EmbededPTP\PTPSlave\EWARM\ptptest\Obj\msg.o
#        E:\TTE\EmbededPTP\PTPSlave\EWARM\ptptest\Obj\multilink.o
#        E:\TTE\EmbededPTP\PTPSlave\EWARM\ptptest\Obj\nd6.o
#        E:\TTE\EmbededPTP\PTPSlave\EWARM\ptptest\Obj\net.o
#        E:\TTE\EmbededPTP\PTPSlave\EWARM\ptptest\Obj\netbuf.o
#        E:\TTE\EmbededPTP\PTPSlave\EWARM\ptptest\Obj\netdb.o
#        E:\TTE\EmbededPTP\PTPSlave\EWARM\ptptest\Obj\netif.o
#        E:\TTE\EmbededPTP\PTPSlave\EWARM\ptptest\Obj\netifapi.o
#        E:\TTE\EmbededPTP\PTPSlave\EWARM\ptptest\Obj\pbuf.o
#        E:\TTE\EmbededPTP\PTPSlave\EWARM\ptptest\Obj\port.o
#        E:\TTE\EmbededPTP\PTPSlave\EWARM\ptptest\Obj\portasm.o
#        E:\TTE\EmbededPTP\PTPSlave\EWARM\ptptest\Obj\ppp.o
#        E:\TTE\EmbededPTP\PTPSlave\EWARM\ptptest\Obj\pppapi.o
#        E:\TTE\EmbededPTP\PTPSlave\EWARM\ptptest\Obj\pppcrypt.o
#        E:\TTE\EmbededPTP\PTPSlave\EWARM\ptptest\Obj\pppoe.o
#        E:\TTE\EmbededPTP\PTPSlave\EWARM\ptptest\Obj\pppol2tp.o
#        E:\TTE\EmbededPTP\PTPSlave\EWARM\ptptest\Obj\pppos.o
#        E:\TTE\EmbededPTP\PTPSlave\EWARM\ptptest\Obj\protocol.o
#        E:\TTE\EmbededPTP\PTPSlave\EWARM\ptptest\Obj\ptpd.o
#        E:\TTE\EmbededPTP\PTPSlave\EWARM\ptptest\Obj\queue.o
#        E:\TTE\EmbededPTP\PTPSlave\EWARM\ptptest\Obj\raw.o
#        E:\TTE\EmbededPTP\PTPSlave\EWARM\ptptest\Obj\servo.o
#        E:\TTE\EmbededPTP\PTPSlave\EWARM\ptptest\Obj\slipif.o
#        E:\TTE\EmbededPTP\PTPSlave\EWARM\ptptest\Obj\sockets.o
#        E:\TTE\EmbededPTP\PTPSlave\EWARM\ptptest\Obj\startup.o
#        E:\TTE\EmbededPTP\PTPSlave\EWARM\ptptest\Obj\startup_stm32f429xx.o
#        E:\TTE\EmbededPTP\PTPSlave\EWARM\ptptest\Obj\stats.o
#        E:\TTE\EmbededPTP\PTPSlave\EWARM\ptptest\Obj\stm32f4xx_hal.o
#        E:\TTE\EmbededPTP\PTPSlave\EWARM\ptptest\Obj\stm32f4xx_hal_cortex.o
#        E:\TTE\EmbededPTP\PTPSlave\EWARM\ptptest\Obj\stm32f4xx_hal_dma.o
#        E:\TTE\EmbededPTP\PTPSlave\EWARM\ptptest\Obj\stm32f4xx_hal_dma_ex.o
#        E:\TTE\EmbededPTP\PTPSlave\EWARM\ptptest\Obj\stm32f4xx_hal_eth.o
#        E:\TTE\EmbededPTP\PTPSlave\EWARM\ptptest\Obj\stm32f4xx_hal_eth_ex.o
#        E:\TTE\EmbededPTP\PTPSlave\EWARM\ptptest\Obj\stm32f4xx_hal_exti.o
#        E:\TTE\EmbededPTP\PTPSlave\EWARM\ptptest\Obj\stm32f4xx_hal_flash.o
#        E:\TTE\EmbededPTP\PTPSlave\EWARM\ptptest\Obj\stm32f4xx_hal_flash_ex.o
#        E:\TTE\EmbededPTP\PTPSlave\EWARM\ptptest\Obj\stm32f4xx_hal_flash_ramfunc.o
#        E:\TTE\EmbededPTP\PTPSlave\EWARM\ptptest\Obj\stm32f4xx_hal_gpio.o
#        E:\TTE\EmbededPTP\PTPSlave\EWARM\ptptest\Obj\stm32f4xx_hal_msp.o
#        E:\TTE\EmbededPTP\PTPSlave\EWARM\ptptest\Obj\stm32f4xx_hal_pwr.o
#        E:\TTE\EmbededPTP\PTPSlave\EWARM\ptptest\Obj\stm32f4xx_hal_pwr_ex.o
#        E:\TTE\EmbededPTP\PTPSlave\EWARM\ptptest\Obj\stm32f4xx_hal_rcc.o
#        E:\TTE\EmbededPTP\PTPSlave\EWARM\ptptest\Obj\stm32f4xx_hal_rcc_ex.o
#        E:\TTE\EmbededPTP\PTPSlave\EWARM\ptptest\Obj\stm32f4xx_hal_tim.o
#        E:\TTE\EmbededPTP\PTPSlave\EWARM\ptptest\Obj\stm32f4xx_hal_tim_ex.o
#        E:\TTE\EmbededPTP\PTPSlave\EWARM\ptptest\Obj\stm32f4xx_hal_timebase_tim.o
#        E:\TTE\EmbededPTP\PTPSlave\EWARM\ptptest\Obj\stm32f4xx_hal_uart.o
#        E:\TTE\EmbededPTP\PTPSlave\EWARM\ptptest\Obj\stm32f4xx_it.o
#        E:\TTE\EmbededPTP\PTPSlave\EWARM\ptptest\Obj\stream_buffer.o
#        E:\TTE\EmbededPTP\PTPSlave\EWARM\ptptest\Obj\sys.o
#        E:\TTE\EmbededPTP\PTPSlave\EWARM\ptptest\Obj\sys_arch.o
#        E:\TTE\EmbededPTP\PTPSlave\EWARM\ptptest\Obj\sys_time.o
#        E:\TTE\EmbededPTP\PTPSlave\EWARM\ptptest\Obj\system_stm32f4xx.o
#        E:\TTE\EmbededPTP\PTPSlave\EWARM\ptptest\Obj\tasks.o
#        E:\TTE\EmbededPTP\PTPSlave\EWARM\ptptest\Obj\tcp.o
#        E:\TTE\EmbededPTP\PTPSlave\EWARM\ptptest\Obj\tcp_client.o
#        E:\TTE\EmbededPTP\PTPSlave\EWARM\ptptest\Obj\tcp_in.o
#        E:\TTE\EmbededPTP\PTPSlave\EWARM\ptptest\Obj\tcp_out.o
#        E:\TTE\EmbededPTP\PTPSlave\EWARM\ptptest\Obj\tcpip.o
#        E:\TTE\EmbededPTP\PTPSlave\EWARM\ptptest\Obj\timeouts.o
#        E:\TTE\EmbededPTP\PTPSlave\EWARM\ptptest\Obj\timer.o
#        E:\TTE\EmbededPTP\PTPSlave\EWARM\ptptest\Obj\timers.o
#        E:\TTE\EmbededPTP\PTPSlave\EWARM\ptptest\Obj\udp.o
#        E:\TTE\EmbededPTP\PTPSlave\EWARM\ptptest\Obj\upap.o
#        E:\TTE\EmbededPTP\PTPSlave\EWARM\ptptest\Obj\utils.o
#        E:\TTE\EmbededPTP\PTPSlave\EWARM\ptptest\Obj\vj.o --redirect
#        _Printf=_PrintfFull --redirect _Scanf=_ScanfFull --no_out_extension -o
#        E:\TTE\EmbededPTP\PTPSlave\EWARM\ptptest\Exe\ptptest.out --map
#        E:\TTE\EmbededPTP\PTPSlave\EWARM\ptptest\List\ptptest.map --config
#        E:\TTE\EmbededPTP\PTPSlave\EWARM/stm32f429xx_flash.icf --semihosting
#        --entry __iar_program_start --vfe --text_out locale)
#
###############################################################################

*******************************************************************************
*** RUNTIME MODEL ATTRIBUTES
***

CppFlavor       = *
__SystemLibrary = DLib
__dlib_version  = 6


*******************************************************************************
*** HEAP SELECTION
***

The basic heap was selected because no calls to memory allocation
functions were found in the application outside of system library
functions, and there are calls to deallocation functions in the
application.


*******************************************************************************
*** PLACEMENT SUMMARY
***

"A0":  place at 0x800'0000 { ro section .intvec };
"P1":  place in [from 0x800'0000 to 0x81f'ffff] { ro };
define block CSTACK with size = 16K, alignment = 8 { };
define block HEAP with size = 8K, alignment = 8 { };
"P2":  place in [from 0x2000'0000 to 0x2002'ffff] {
          rw, block CSTACK, block HEAP };
initialize by copy { rw };

  Section            Kind         Address     Size  Object
  -------            ----         -------     ----  ------
"A0":                                        0x1ac
  .intvec            ro code   0x800'0000    0x1ac  startup_stm32f429xx.o [1]
                             - 0x800'01ac    0x1ac

"P1":                                      0x11c66
  .text              ro code   0x800'01ac   0x15f4  protocol.o [1]
  .text              ro code   0x800'17a0     0x28  printf.o [2]
  .text              ro code   0x800'17c8    0x104  timer.o [1]
  .text              ro code   0x800'18cc     0xbc  sys_time.o [1]
  .text              ro code   0x800'1988    0x3e8  servo.o [1]
  .text              ro code   0x800'1d70    0x4f4  bmc.o [1]
  .text              ro code   0x800'2264    0x710  net.o [1]
  .text              ro code   0x800'2974    0x48a  msg.o [1]
  .text              ro code   0x800'2dfe     0x7a  lz77_init_single.o [4]
  .text              ro code   0x800'2e78    0x1c8  arith.o [1]
  .text              ro code   0x800'3040    0xf7a  xprintffull.o [2]
  .text              ro code   0x800'3fba     0x3a  zero_init3.o [4]
  .text              ro code   0x800'3ff4    0x3e8  timers.o [1]
  .text              ro code   0x800'43dc    0x158  ptpd.o [1]
  .text              ro code   0x800'4534    0x3b0  cmsis_os.o [1]
  .text              ro code   0x800'48e4    0x650  ethernetif.o [1]
  .text              ro code   0x800'4f34     0xa4  rand.o [2]
  .text              ro code   0x800'4fd8     0x68  memcmp.o [4]
  .text              ro code   0x800'5040     0xa6  ABImemcpy.o [4]
  .text              ro code   0x800'50e6     0x1e  xencoding_8859_1.o [2]
  .text              ro code   0x800'5104    0x154  sys_arch.o [1]
  .text              ro code   0x800'5258    0x858  igmp.o [1]
  .text              ro code   0x800'5ab0    0x480  udp.o [1]
  .text              ro code   0x800'5f30    0x1f0  ip4_addr.o [1]
  .text              ro code   0x800'6120    0xd08  pbuf.o [1]
  .text              ro code   0x800'6e28     0x26  def.o [1]
  .text              ro code   0x800'6e50      0x6  ABImemclr.o [4]
  .text              ro code   0x800'6e58    0x274  I64DivMod.o [4]
  .text              ro code   0x800'70cc     0x78  xlocale_c.o [2]
  .text              ro code   0x800'7144     0x16  strchr.o [4]
  .text              ro code   0x800'715c     0x40  xfail_s.o [2]
  .text              ro code   0x800'719c     0x36  strlen.o [4]
  .text              ro code   0x800'71d4     0x58  memchr.o [4]
  .text              ro code   0x800'722c      0xa  xmbcurmax.o [2]
  .text              ro code   0x800'7238    0x1a2  DblMul.o [3]
  .text              ro code   0x800'73dc     0x70  frexp.o [3]
  .text              ro code   0x800'744c     0x2e  DblCmpLe.o [3]
  .text              ro code   0x800'747c     0x2e  DblCmpGe.o [3]
  .text              ro code   0x800'74ac    0x13a  ldexp.o [3]
  .text              ro code   0x800'75e8     0x3a  DblToS32.o [3]
  .text              ro code   0x800'7624     0x22  S32ToDbl.o [3]
  .text              ro code   0x800'7648     0xe2  DblSub.o [3]
  .text              ro code   0x800'772c    0x246  DblDiv.o [3]
  .text              ro code   0x800'7974     0x28  DblToU32.o [3]
  .text              ro code   0x800'799c     0x1a  U32ToDbl.o [3]
  .text              ro code   0x800'79b8     0x2c  freertos.o [1]
  .text              ro code   0x800'79e4    0x8c4  tasks.o [1]
  .text              ro code   0x800'82a8    0x1b4  heap_4.o [1]
  .text              ro code   0x800'845c     0x92  list.o [1]
  .text              ro code   0x800'84f0    0x81c  queue.o [1]
  .text              ro code   0x800'8d0c    0x1f4  port.o [1]
  .text              ro code   0x800'8f00     0x84  startup.o [1]
  .text              ro code   0x800'8f84    0x200  stm32f4xx_hal_eth_ex.o [1]
  .text              ro code   0x800'9184      0x6  ABImemclr4.o [4]
  .text              ro code   0x800'918c    0x20a  stm32f4xx_hal_gpio.o [1]
  .text              ro code   0x800'9398     0x98  stm32f4xx_hal_cortex.o [1]
  .text              ro code   0x800'9430    0x69c  stm32f4xx_hal_eth.o [1]
  .text              ro code   0x800'9acc      0xc  stm32f4xx_hal.o [1]
  .text              ro code   0x800'9ad8    0x23c  memp.o [1]
  .text              ro code   0x800'9d14     0x6e  inet_chksum.o [1]
  .text              ro code   0x800'9d84    0x46c  ip4.o [1]
  .text              ro code   0x800'a1f0    0x2b8  icmp.o [1]
  .text              ro code   0x800'a4a8    0xe4c  tcp.o [1]
  .text              ro code   0x800'b2f4    0x2bc  tcpip.o [1]
  .text              ro code   0x800'b5b0    0x5d8  mem.o [1]
  .text              ro code   0x800'bb88     0x5e  ABImemset.o [4]
  .text              ro code   0x800'bbe8      0x2  I64DivZer.o [4]
  .text              ro code   0x800'bbea      0x6  abort.o [2]
  .text              ro code   0x800'bbf0    0x16a  DblAdd.o [3]
  .text              ro code   0x800'bd5c     0x3a  ABImemset48.o [4]
  CODE               ro code   0x800'bd98     0xb0  portasm.o [1]
  .text              ro code   0x800'be48     0x28  stm32f4xx_hal.o [1]
  .text              ro code   0x800'be70    0x1e4  stm32f4xx_hal_rcc.o [1]
  .text              ro code   0x800'c054      0x2  stm32f4xx_hal_eth.o [1]
  .text              ro code   0x800'c056      0x2  stm32f4xx_hal_eth.o [1]
  .text              ro code   0x800'c058    0x8bc  ip4_frag.o [1]
  .text              ro code   0x800'c914   0x15c0  tcp_in.o [1]
  .text              ro code   0x800'ded4    0xa28  tcp_out.o [1]
  .text              ro code   0x800'e8fc    0x2b0  timeouts.o [1]
  .text              ro code   0x800'ebac     0x2e  init.o [1]
  .text              ro code   0x800'ebdc     0x14  exit.o [5]
  .text              ro code   0x800'ebf0     0x7c  stm32f4xx_hal_timebase_tim.o [1]
  .text              ro code   0x800'ec6c    0x22c  netif.o [1]
  .text              ro code   0x800'ee98    0x390  dns.o [1]
  .text              ro code   0x800'f228    0x444  stm32f4xx_hal_tim.o [1]
  .text              ro code   0x800'f66c    0x97c  etharp.o [1]
  .text              ro code   0x800'ffe8     0xec  stm32f4xx_hal_msp.o [1]
  .text              ro code   0x801'00d4      0x2  stm32f4xx_hal_tim.o [1]
  .text              ro code   0x801'00d6      0x2  stm32f4xx_hal_tim.o [1]
  .text              ro code   0x801'00d8    0x328  main.o [1]
  .text              ro code   0x801'0400      0x2  stm32f4xx_hal_tim_ex.o [1]
  .text              ro code   0x801'0402      0x2  stm32f4xx_hal_tim_ex.o [1]
  .text              ro code   0x801'0404      0x2  stm32f4xx_hal_tim.o [1]
  .text              ro code   0x801'0408    0xd94  dhcp.o [1]
  .text              ro code   0x801'119c    0x1b0  ethernet.o [1]
  .text              ro code   0x801'134c     0x34  stm32f4xx_hal.o [1]
  .text              ro code   0x801'1380     0x5e  stm32f4xx_hal_tim_ex.o [1]
  .text              ro code   0x801'13e0    0x200  stm32f4xx_hal_uart.o [1]
  .text              ro code   0x801'15e0    0x2f8  stm32f4xx_hal_rcc.o [1]
  .text              ro code   0x801'18d8     0x78  stm32f4xx_hal_pwr_ex.o [1]
  .text              ro code   0x801'1950     0x70  lwip.o [1]
  .text              ro code   0x801'19c0     0x10  stm32f4xx_hal.o [1]
  .rodata            const     0x801'19d0     0xb4  memp.o [1]
  .text              ro code   0x801'1a84     0x60  system_stm32f4xx.o [1]
  .text              ro code   0x801'1ae4     0x50  stm32f4xx_it.o [1]
  .text              ro code   0x801'1b34     0x28  data_init.o [4]
  .text              ro code   0x801'1b5c     0x22  fpinit_M.o [3]
  .iar.init_table    const     0x801'1b80     0x20  - Linker created -
  .text              ro code   0x801'1ba0     0x1e  cmain.o [4]
  .text              ro code   0x801'1bbe      0x4  low_level_init.o [2]
  .text              ro code   0x801'1bc2      0x4  exit.o [2]
  .text              ro code   0x801'1bc8      0xa  cexit.o [4]
  .text              ro code   0x801'1bd2     0x16  xprout.o [2]
  .text              ro code   0x801'1be8      0xc  putchar.o [2]
  .text              ro code   0x801'1bf4     0x10  startup_stm32f429xx.o [1]
  .rodata            const     0x801'1c04      0xc  main.o [1]
  .text              ro code   0x801'1c10      0xc  cstartup_M.o [4]
  .rodata            const     0x801'1c1c      0x8  ethernet.o [1]
  .rodata            const     0x801'1c24      0x8  ethernetif.o [1]
  .rodata            const     0x801'1c2c      0x8  ip4_addr.o [1]
  .rodata            const     0x801'1c34      0x8  ptpd.o [1]
  .rodata            const     0x801'1c3c      0x8  system_stm32f4xx.o [1]
  .rodata            const     0x801'1c44      0x6  xlocale_c.o [2]
  .text              ro code   0x801'1c4a      0x4  startup_stm32f429xx.o [1]
  .text              ro code   0x801'1c4e      0x4  startup_stm32f429xx.o [1]
  .text              ro code   0x801'1c52      0x4  startup_stm32f429xx.o [1]
  .text              ro code   0x801'1c56      0x4  startup_stm32f429xx.o [1]
  .text              ro code   0x801'1c5a      0x4  startup_stm32f429xx.o [1]
  .text              ro code   0x801'1c5e      0x4  startup_stm32f429xx.o [1]
  .text              ro code   0x801'1c62      0x4  startup_stm32f429xx.o [1]
  .text              ro code   0x801'1c66      0x4  startup_stm32f429xx.o [1]
  .text              ro code   0x801'1c6a      0x4  startup_stm32f429xx.o [1]
  .text              ro code   0x801'1c6e      0x4  startup_stm32f429xx.o [1]
  .text              ro code   0x801'1c72      0x4  startup_stm32f429xx.o [1]
  .text              ro code   0x801'1c76      0x4  startup_stm32f429xx.o [1]
  .text              ro code   0x801'1c7a      0x4  startup_stm32f429xx.o [1]
  .text              ro code   0x801'1c7e      0x4  startup_stm32f429xx.o [1]
  .text              ro code   0x801'1c82      0x4  startup_stm32f429xx.o [1]
  .text              ro code   0x801'1c86      0x4  startup_stm32f429xx.o [1]
  .text              ro code   0x801'1c8a      0x4  startup_stm32f429xx.o [1]
  .text              ro code   0x801'1c8e      0x4  startup_stm32f429xx.o [1]
  .text              ro code   0x801'1c92      0x4  startup_stm32f429xx.o [1]
  .text              ro code   0x801'1c96      0x4  startup_stm32f429xx.o [1]
  .text              ro code   0x801'1c9a      0x4  startup_stm32f429xx.o [1]
  .text              ro code   0x801'1c9e      0x4  startup_stm32f429xx.o [1]
  .text              ro code   0x801'1ca2      0x4  startup_stm32f429xx.o [1]
  .text              ro code   0x801'1ca6      0x4  startup_stm32f429xx.o [1]
  .text              ro code   0x801'1caa      0x4  startup_stm32f429xx.o [1]
  .text              ro code   0x801'1cae      0x4  startup_stm32f429xx.o [1]
  .text              ro code   0x801'1cb2      0x4  startup_stm32f429xx.o [1]
  .text              ro code   0x801'1cb6      0x4  startup_stm32f429xx.o [1]
  .text              ro code   0x801'1cba      0x4  startup_stm32f429xx.o [1]
  .text              ro code   0x801'1cbe      0x4  startup_stm32f429xx.o [1]
  .text              ro code   0x801'1cc2      0x4  startup_stm32f429xx.o [1]
  .text              ro code   0x801'1cc6      0x4  startup_stm32f429xx.o [1]
  .text              ro code   0x801'1cca      0x4  startup_stm32f429xx.o [1]
  .text              ro code   0x801'1cce      0x4  startup_stm32f429xx.o [1]
  .text              ro code   0x801'1cd2      0x4  startup_stm32f429xx.o [1]
  .text              ro code   0x801'1cd6      0x4  startup_stm32f429xx.o [1]
  .text              ro code   0x801'1cda      0x4  startup_stm32f429xx.o [1]
  .text              ro code   0x801'1cde      0x4  startup_stm32f429xx.o [1]
  .text              ro code   0x801'1ce2      0x4  startup_stm32f429xx.o [1]
  .text              ro code   0x801'1ce6      0x4  startup_stm32f429xx.o [1]
  .text              ro code   0x801'1cea      0x4  startup_stm32f429xx.o [1]
  .text              ro code   0x801'1cee      0x4  startup_stm32f429xx.o [1]
  .text              ro code   0x801'1cf2      0x4  startup_stm32f429xx.o [1]
  .text              ro code   0x801'1cf6      0x4  startup_stm32f429xx.o [1]
  .text              ro code   0x801'1cfa      0x4  startup_stm32f429xx.o [1]
  .text              ro code   0x801'1cfe      0x4  startup_stm32f429xx.o [1]
  .text              ro code   0x801'1d02      0x4  startup_stm32f429xx.o [1]
  .text              ro code   0x801'1d06      0x4  startup_stm32f429xx.o [1]
  .text              ro code   0x801'1d0a      0x4  startup_stm32f429xx.o [1]
  .text              ro code   0x801'1d0e      0x4  startup_stm32f429xx.o [1]
  .text              ro code   0x801'1d12      0x4  startup_stm32f429xx.o [1]
  .text              ro code   0x801'1d16      0x4  startup_stm32f429xx.o [1]
  .text              ro code   0x801'1d1a      0x4  startup_stm32f429xx.o [1]
  .text              ro code   0x801'1d1e      0x4  startup_stm32f429xx.o [1]
  .text              ro code   0x801'1d22      0x4  startup_stm32f429xx.o [1]
  .text              ro code   0x801'1d26      0x4  startup_stm32f429xx.o [1]
  .text              ro code   0x801'1d2a      0x4  startup_stm32f429xx.o [1]
  .text              ro code   0x801'1d2e      0x4  startup_stm32f429xx.o [1]
  .text              ro code   0x801'1d32      0x4  startup_stm32f429xx.o [1]
  .text              ro code   0x801'1d36      0x4  startup_stm32f429xx.o [1]
  .text              ro code   0x801'1d3a      0x4  startup_stm32f429xx.o [1]
  .text              ro code   0x801'1d3e      0x4  startup_stm32f429xx.o [1]
  .text              ro code   0x801'1d42      0x4  startup_stm32f429xx.o [1]
  .text              ro code   0x801'1d46      0x4  startup_stm32f429xx.o [1]
  .text              ro code   0x801'1d4a      0x4  startup_stm32f429xx.o [1]
  .text              ro code   0x801'1d4e      0x4  startup_stm32f429xx.o [1]
  .text              ro code   0x801'1d52      0x4  startup_stm32f429xx.o [1]
  .text              ro code   0x801'1d56      0x4  startup_stm32f429xx.o [1]
  .text              ro code   0x801'1d5a      0x4  startup_stm32f429xx.o [1]
  .text              ro code   0x801'1d5e      0x4  startup_stm32f429xx.o [1]
  .text              ro code   0x801'1d62      0x4  startup_stm32f429xx.o [1]
  .text              ro code   0x801'1d66      0x4  startup_stm32f429xx.o [1]
  .text              ro code   0x801'1d6a      0x4  startup_stm32f429xx.o [1]
  .text              ro code   0x801'1d6e      0x4  startup_stm32f429xx.o [1]
  .text              ro code   0x801'1d72      0x4  startup_stm32f429xx.o [1]
  .text              ro code   0x801'1d76      0x4  startup_stm32f429xx.o [1]
  .text              ro code   0x801'1d7a      0x4  startup_stm32f429xx.o [1]
  .text              ro code   0x801'1d7e      0x4  startup_stm32f429xx.o [1]
  .text              ro code   0x801'1d82      0x4  startup_stm32f429xx.o [1]
  .text              ro code   0x801'1d86      0x4  startup_stm32f429xx.o [1]
  .text              ro code   0x801'1d8a      0x4  startup_stm32f429xx.o [1]
  .text              ro code   0x801'1d8e      0x4  startup_stm32f429xx.o [1]
  .text              ro code   0x801'1d92      0x4  startup_stm32f429xx.o [1]
  .text              ro code   0x801'1d96      0x4  startup_stm32f429xx.o [1]
  .text              ro code   0x801'1d9a      0x4  startup_stm32f429xx.o [1]
  .text              ro code   0x801'1d9e      0x4  startup_stm32f429xx.o [1]
  .rodata            const     0x801'1da2      0x0  zero_init3.o [4]
  .rodata            const     0x801'1da2      0x0  lz77_init_single.o [4]
  Initializer bytes  const     0x801'1da2     0x70  <for P2-1>
                             - 0x801'1e12  0x11c66

"P2", part 1 of 3:                           0x11c
  P2-1                        0x2000'0000    0x11c  <Init block>
    .data            inited   0x2000'0000      0xc  dhcp.o [1]
    .data            inited   0x2000'000c      0xc  port.o [1]
    .data            inited   0x2000'0018      0xc  stm32f4xx_hal.o [1]
    .data            inited   0x2000'0024      0x4  system_stm32f4xx.o [1]
    .data            inited   0x2000'0028     0x1c  tcp.o [1]
    .data            inited   0x2000'0044      0x8  udp.o [1]
    .data            inited   0x2000'004c      0x8  rand.o [2]
    .data            inited   0x2000'0054     0x38  xlocale_c.o [2]
    .data            inited   0x2000'008c     0x48  xlocale_c.o [2]
    .data            inited   0x2000'00d4     0x48  xfiles.o [2]
                            - 0x2000'011c    0x11c

"P2", part 2 of 3:                         0x14b68
  .bss               zero     0x2000'011c   0xc818  heap_4.o [1]
  .bss               zero     0x2000'c934   0x30ec  ethernetif.o [1]
  .bss               zero     0x2000'fa20   0x2684  memp.o [1]
  .bss               zero     0x2001'20a4    0x664  mem.o [1]
  .bss               zero     0x2001'2708     0x74  memp.o [1]
  .bss               zero     0x2001'2780    0x650  ptpd.o [1]
  .bss               zero     0x2001'2dd0    0x460  freertos.o [1]
  .bss               zero     0x2001'3230    0x440  dns.o [1]
  .bss               zero     0x2001'3670    0x2fc  memp.o [1]
  .bss               zero     0x2001'396c    0x260  freertos.o [1]
  .bss               zero     0x2001'3bcc    0x1e4  memp.o [1]
  .bss               zero     0x2001'3db0    0x184  memp.o [1]
  .bss               zero     0x2001'3f34    0x138  memp.o [1]
  .bss               zero     0x2001'406c    0x104  memp.o [1]
  .bss               zero     0x2001'4170     0xfc  timers.o [1]
  .bss               zero     0x2001'426c     0xf0  etharp.o [1]
  .bss               zero     0x2001'435c     0xe4  memp.o [1]
  .bss               zero     0x2001'4440     0xb4  memp.o [1]
  .bss               zero     0x2001'44f4     0xa4  memp.o [1]
  .bss               zero     0x2001'4598     0xa4  memp.o [1]
  .bss               zero     0x2001'463c     0x9c  tasks.o [1]
  .bss               zero     0x2001'46d8     0x8c  tasks.o [1]
  .bss               zero     0x2001'4764     0x88  main.o [1]
  .bss               zero     0x2001'47ec     0x84  memp.o [1]
  .bss               zero     0x2001'4870     0x84  memp.o [1]
  .bss               zero     0x2001'48f4     0x84  memp.o [1]
  .bss               zero     0x2001'4978     0x84  rand.o [2]
  .bss               zero     0x2001'49fc     0x50  xfiles.o [2]
  .bss               zero     0x2001'4a4c     0x48  lwip.o [1]
  .bss               zero     0x2001'4a94     0x40  queue.o [1]
  .bss               zero     0x2001'4ad4     0x40  stm32f4xx_hal_timebase_tim.o [1]
  .bss               zero     0x2001'4b14     0x38  tcp_in.o [1]
  .bss               zero     0x2001'4b4c     0x30  dns.o [1]
  .bss               zero     0x2001'4b7c     0x24  memp.o [1]
  .bss               zero     0x2001'4ba0     0x20  timer.o [1]
  .bss               zero     0x2001'4bc0     0x1c  dns.o [1]
  .bss               zero     0x2001'4bdc     0x18  ip.o [1]
  .bss               zero     0x2001'4bf4     0x10  tcpip.o [1]
  .bss               zero     0x2001'4c04      0xc  netif.o [1]
  .bss               zero     0x2001'4c10      0x8  igmp.o [1]
  .bss               zero     0x2001'4c18      0x8  ip4_frag.o [1]
  .bss               zero     0x2001'4c20      0x8  timeouts.o [1]
  .bss               zero     0x2001'4c28      0x4  dhcp.o [1]
  .bss               zero     0x2001'4c2c      0x4  ip4.o [1]
  .bss               zero     0x2001'4c30      0x4  memp.o [1]
  .bss               zero     0x2001'4c34      0x4  memp.o [1]
  .bss               zero     0x2001'4c38      0x4  memp.o [1]
  .bss               zero     0x2001'4c3c      0x4  memp.o [1]
  .bss               zero     0x2001'4c40      0x4  memp.o [1]
  .bss               zero     0x2001'4c44      0x4  memp.o [1]
  .bss               zero     0x2001'4c48      0x4  memp.o [1]
  .bss               zero     0x2001'4c4c      0x4  memp.o [1]
  .bss               zero     0x2001'4c50      0x4  memp.o [1]
  .bss               zero     0x2001'4c54      0x4  memp.o [1]
  .bss               zero     0x2001'4c58      0x4  memp.o [1]
  .bss               zero     0x2001'4c5c      0x4  memp.o [1]
  .bss               zero     0x2001'4c60      0x4  memp.o [1]
  .bss               zero     0x2001'4c64      0x4  memp.o [1]
  .bss               zero     0x2001'4c68      0x4  memp.o [1]
  .bss               zero     0x2001'4c6c      0x4  servo.o [1]
  .bss               zero     0x2001'4c70      0x4  sys_arch.o [1]
  .bss               zero     0x2001'4c74      0x4  timeouts.o [1]
  .bss               zero     0x2001'4c78      0x4  xfail_s.o [2]
  .bss               zero     0x2001'4c7c      0x2  ip4.o [1]
  .bss               zero     0x2001'4c7e      0x1  etharp.o [1]
  .bss               zero     0x2001'4c7f      0x1  pbuf.o [1]
  .bss               zero     0x2001'4c80      0x1  servo.o [1]
  .bss               zero     0x2001'4c81      0x1  tcp.o [1]
                            - 0x2001'4c82  0x14b66

"P2", part 3 of 3:                          0x4000
  CSTACK                      0x2001'4c88   0x4000  <Block>
    CSTACK           uninit   0x2001'4c88   0x4000  <Block tail>
                            - 0x2001'8c88   0x4000

Unused ranges:

         From           To       Size
         ----           --       ----
   0x801'1e12   0x81f'ffff  0x1e'e1ee
  0x2001'4c84  0x2001'4c87        0x4
  0x2001'8c88  0x2002'ffff   0x1'7378


*******************************************************************************
*** INIT TABLE
***

          Address      Size
          -------      ----
Zero (__iar_zero_init3)
    1 destination range, total size 0x14b66:
          0x2000'011c  0x14b66

Copy/lz77 (__iar_lz77_init_single3)
    1 source range, total size 0x70 (39% of destination):
           0x801'1da2     0x70
    1 destination range, total size 0x11c:
          0x2000'0000    0x11c



*******************************************************************************
*** MODULE SUMMARY
***

    Module                        ro code  ro data  rw data
    ------                        -------  -------  -------
command line/config:
    -------------------------------------------------------
    Total:

E:\TTE\EmbededPTP\PTPSlave\EWARM\ptptest\Obj: [1]
    arith.o                           456
    bmc.o                           1 268
    cmsis_os.o                        944
    def.o                              38
    dhcp.o                          3 476        4       16
    dns.o                             912             1 164
    etharp.o                        2 428               241
    ethernet.o                        432        8
    ethernetif.o                    1 616        8   12 524
    freertos.o                         44             1 728
    heap_4.o                          436            51 224
    icmp.o                            696
    igmp.o                          2 136                 8
    inet_chksum.o                     110
    init.o                             46
    ip.o                                                 24
    ip4.o                           1 132                 6
    ip4_addr.o                        496        8
    ip4_frag.o                      2 236                 8
    list.o                            146
    lwip.o                            112                72
    main.o                            808       12      136
    mem.o                           1 496             1 636
    memp.o                            572      180   13 412
    msg.o                           1 162
    net.o                           1 808
    netif.o                           556                12
    pbuf.o                          3 336                 1
    port.o                            500        5       12
    portasm.o                         176
    protocol.o                      5 620
    ptpd.o                            344        8    1 616
    queue.o                         2 076                64
    servo.o                         1 000                 5
    startup.o                         132
    startup_stm32f429xx.o             788
    stm32f4xx_hal.o                   120        5       12
    stm32f4xx_hal_cortex.o            152
    stm32f4xx_hal_eth.o             1 696
    stm32f4xx_hal_eth_ex.o            512
    stm32f4xx_hal_gpio.o              522
    stm32f4xx_hal_msp.o               236
    stm32f4xx_hal_pwr_ex.o            120
    stm32f4xx_hal_rcc.o             1 244
    stm32f4xx_hal_tim.o             1 098
    stm32f4xx_hal_tim_ex.o             98
    stm32f4xx_hal_timebase_tim.o      124                64
    stm32f4xx_hal_uart.o              512
    stm32f4xx_it.o                     80
    sys_arch.o                        340                 4
    sys_time.o                        188
    system_stm32f4xx.o                 96        9        4
    tasks.o                         2 244               296
    tcp.o                           3 660       11       29
    tcp_in.o                        5 568                56
    tcp_out.o                       2 600
    tcpip.o                           700                16
    timeouts.o                        688                12
    timer.o                           260                32
    timers.o                        1 000               252
    udp.o                           1 152        3        8
    -------------------------------------------------------
    Total:                         64 544      261   84 694

dl7M_tlf.a: [2]
    abort.o                             6
    exit.o                              4
    low_level_init.o                    4
    printf.o                           40
    putchar.o                          12
    rand.o                            164        4      140
    xencoding_8859_1.o                 30
    xfail_s.o                          64                 4
    xfiles.o                                    28      152
    xlocale_c.o                       120       56      128
    xmbcurmax.o                        10
    xprintffull.o                   3 962
    xprout.o                           22
    -------------------------------------------------------
    Total:                          4 438       88      424

m7M_tls.a: [3]
    DblAdd.o                          362
    DblCmpGe.o                         46
    DblCmpLe.o                         46
    DblDiv.o                          582
    DblMul.o                          418
    DblSub.o                          226
    DblToS32.o                         58
    DblToU32.o                         40
    S32ToDbl.o                         34
    U32ToDbl.o                         26
    fpinit_M.o                         34
    frexp.o                           112
    ldexp.o                           314
    -------------------------------------------------------
    Total:                          2 298

rt7M_tl.a: [4]
    ABImemclr.o                         6
    ABImemclr4.o                        6
    ABImemcpy.o                       166
    ABImemset.o                        94
    ABImemset48.o                      58
    I64DivMod.o                       628
    I64DivZer.o                         2
    cexit.o                            10
    cmain.o                            30
    cstartup_M.o                       12
    data_init.o                        40
    lz77_init_single.o                122
    memchr.o                           88
    memcmp.o                          104
    strchr.o                           22
    strlen.o                           54
    zero_init3.o                       58
    -------------------------------------------------------
    Total:                          1 500

shb_l.a: [5]
    exit.o                             20
    -------------------------------------------------------
    Total:                             20

    Gaps                               50        2        4
    Linker created                              33   16 384
-----------------------------------------------------------
    Grand Total:                   72 850      384  101 506


*******************************************************************************
*** ENTRY LIST
***

Entry                       Address    Size  Type      Object
-----                       -------    ----  ----      ------
.iar.init_table$$Base    0x801'1b80           --   Gb  - Linker created -
.iar.init_table$$Limit   0x801'1ba0           --   Gb  - Linker created -
?main                    0x801'1ba1          Code  Gb  cmain.o [4]
AHBPrescTable            0x801'1ad4    0x10  Data  Gb  system_stm32f4xx.o [1]
APBPrescTable            0x801'1c3c     0x8  Data  Gb  system_stm32f4xx.o [1]
BusFault_Handler         0x801'1aeb     0x2  Code  Gb  stm32f4xx_it.o [1]
CSTACK$$Base            0x2001'4c88           --   Gb  - Linker created -
CSTACK$$Limit           0x2001'8c88           --   Gb  - Linker created -
CacheMore                0x800'70d1    0x24  Code  Lc  xlocale_c.o [2]
Callback01               0x801'0375     0x2  Code  Gb  main.o [1]
DMARxDscrTab            0x2000'c980    0x80  Data  Gb  ethernetif.o [1]
DMATxDscrTab            0x2000'ca00    0x80  Data  Gb  ethernetif.o [1]
DebugMon_Handler         0x801'1aef     0x2  Code  Gb  stm32f4xx_it.o [1]
ETH_Delay                0x800'9a69    0x24  Code  Lc  stm32f4xx_hal_eth.o [1]
ETH_EnablePTPTimeStampAddend
                         0x800'90ef     0xc  Code  Gb  stm32f4xx_hal_eth_ex.o [1]
ETH_EnhancedDescriptorCmd
                         0x800'8f85    0x18  Code  Gb  stm32f4xx_hal_eth_ex.o [1]
ETH_FlushTransmitFIFO    0x800'9a45    0x24  Code  Lc  stm32f4xx_hal_eth.o [1]
ETH_GetPTPFlagStatus     0x800'913b    0x10  Code  Gb  stm32f4xx_hal_eth_ex.o [1]
ETH_GetPTPRegister       0x800'9179     0xc  Code  Gb  stm32f4xx_hal_eth_ex.o [1]
ETH_IRQHandler           0x801'1b0f     0x6  Code  Gb  stm32f4xx_it.o [1]
ETH_InitializePTPTimeStamp
                         0x800'90fb     0xc  Code  Gb  stm32f4xx_hal_eth_ex.o [1]
ETH_MACDMAConfig         0x800'9953    0xec  Code  Lc  stm32f4xx_hal_eth.o [1]
ETH_MACITConfig          0x800'8f9d    0x14  Code  Gb  stm32f4xx_hal_eth_ex.o [1]
ETH_PTPTimeStampCmd      0x800'911f    0x1c  Code  Gb  stm32f4xx_hal_eth_ex.o [1]
ETH_PTPTime_AdjFreq      0x800'4dc1    0x40  Code  Gb  ethernetif.o [1]
ETH_PTPTime_GetTime      0x800'48e5    0x1e  Code  Gb  ethernetif.o [1]
ETH_PTPTime_SetTime      0x800'4e01    0x3a  Code  Gb  ethernetif.o [1]
ETH_PTPUpdateMethodConfig
                         0x800'9107    0x18  Code  Gb  stm32f4xx_hal_eth_ex.o [1]
ETH_SetPTPSubSecondIncrement
                         0x800'914b     0x6  Code  Gb  stm32f4xx_hal_eth_ex.o [1]
ETH_SetPTPTimeStampAddend
                         0x800'915b     0x6  Code  Gb  stm32f4xx_hal_eth_ex.o [1]
ETH_SetPTPTimeStampUpdate
                         0x800'9151     0xa  Code  Gb  stm32f4xx_hal_eth_ex.o [1]
EUI48toEUI64             0x800'1d71    0x22  Code  Gb  bmc.o [1]
EXTI0_IRQHandler         0x801'1af1     0x6  Code  Gb  stm32f4xx_it.o [1]
HAL_Delay                0x800'be49    0x28  Code  Wk  stm32f4xx_hal.o [1]
HAL_ETH_DMARxDescListInit
                         0x800'9671    0x88  Code  Gb  stm32f4xx_hal_eth.o [1]
HAL_ETH_DMATxDescListInit
                         0x800'95f7    0x7a  Code  Gb  stm32f4xx_hal_eth.o [1]
HAL_ETH_GetReceivedFrame_IT
                         0x800'96f9    0x86  Code  Gb  stm32f4xx_hal_eth.o [1]
HAL_ETH_IRQHandler       0x800'977f    0x64  Code  Gb  stm32f4xx_hal_eth.o [1]
HAL_ETH_Init             0x800'9431   0x1a6  Code  Gb  stm32f4xx_hal_eth.o [1]
HAL_ETH_MspInit          0x800'4903   0x13c  Code  Gb  ethernetif.o [1]
HAL_ETH_ReadPHYRegister
                         0x800'97e3    0x78  Code  Gb  stm32f4xx_hal_eth.o [1]
HAL_ETH_RxCpltCallback   0x800'4a61     0xa  Code  Gb  ethernetif.o [1]
HAL_ETH_Start            0x800'98c9    0x5e  Code  Gb  stm32f4xx_hal_eth.o [1]
HAL_ETH_TransmitFrame_TimeStamp
                         0x800'8fb1   0x13e  Code  Gb  stm32f4xx_hal_eth_ex.o [1]
HAL_ETH_WritePHYRegister
                         0x800'985b    0x66  Code  Gb  stm32f4xx_hal_eth.o [1]
HAL_GPIO_EXTI_IRQHandler
                         0x800'934d    0x10  Code  Gb  stm32f4xx_hal_gpio.o [1]
HAL_GPIO_Init            0x800'918d   0x1b8  Code  Gb  stm32f4xx_hal_gpio.o [1]
HAL_GPIO_WritePin        0x800'9345     0x8  Code  Gb  stm32f4xx_hal_gpio.o [1]
HAL_GetTick              0x800'9acd     0xc  Code  Wk  stm32f4xx_hal.o [1]
HAL_IncTick              0x801'19c1    0x10  Code  Wk  stm32f4xx_hal.o [1]
HAL_Init                 0x801'134d    0x30  Code  Gb  stm32f4xx_hal.o [1]
HAL_InitTick             0x800'ebf1    0x6c  Code  Gb  stm32f4xx_hal_timebase_tim.o [1]
HAL_MspInit              0x800'ffe9    0x3c  Code  Gb  stm32f4xx_hal_msp.o [1]
HAL_NVIC_EnableIRQ       0x800'9407    0x16  Code  Gb  stm32f4xx_hal_cortex.o [1]
HAL_NVIC_SetPriority     0x800'93cd    0x3a  Code  Gb  stm32f4xx_hal_cortex.o [1]
HAL_NVIC_SetPriorityGrouping
                         0x800'93b3    0x1a  Code  Gb  stm32f4xx_hal_cortex.o [1]
HAL_PWREx_EnableOverDrive
                         0x801'18d9    0x48  Code  Gb  stm32f4xx_hal_pwr_ex.o [1]
HAL_RCC_ClockConfig      0x800'be71    0xfe  Code  Gb  stm32f4xx_hal_rcc.o [1]
HAL_RCC_GetClockConfig   0x800'bfa5    0x36  Code  Gb  stm32f4xx_hal_rcc.o [1]
HAL_RCC_GetHCLKFreq      0x800'bf7b     0x6  Code  Gb  stm32f4xx_hal_rcc.o [1]
HAL_RCC_GetPCLK1Freq     0x800'bf81    0x10  Code  Gb  stm32f4xx_hal_rcc.o [1]
HAL_RCC_GetPCLK2Freq     0x800'bf91     0xe  Code  Gb  stm32f4xx_hal_rcc.o [1]
HAL_RCC_OscConfig        0x801'15e1   0x2f8  Code  Wk  stm32f4xx_hal_rcc.o [1]
HAL_TIMEx_BreakCallback
                         0x801'0401     0x2  Code  Wk  stm32f4xx_hal_tim_ex.o [1]
HAL_TIMEx_CommutCallback
                         0x801'0403     0x2  Code  Wk  stm32f4xx_hal_tim_ex.o [1]
HAL_TIMEx_MasterConfigSynchronization
                         0x801'1381    0x3e  Code  Gb  stm32f4xx_hal_tim_ex.o [1]
HAL_TIMEx_RemapConfig    0x801'13bf    0x20  Code  Gb  stm32f4xx_hal_tim_ex.o [1]
HAL_TIM_Base_Init        0x800'f229    0x1a  Code  Gb  stm32f4xx_hal_tim.o [1]
HAL_TIM_Base_MspInit     0x801'0025    0x32  Code  Gb  stm32f4xx_hal_msp.o [1]
HAL_TIM_Base_Start_IT    0x800'f243    0x20  Code  Gb  stm32f4xx_hal_tim.o [1]
HAL_TIM_ConfigClockSource
                         0x800'f3cf    0x90  Code  Gb  stm32f4xx_hal_tim.o [1]
HAL_TIM_IRQHandler       0x800'f287   0x142  Code  Gb  stm32f4xx_hal_tim.o [1]
HAL_TIM_PeriodElapsedCallback
                         0x801'0377     0xe  Code  Gb  main.o [1]
HAL_TIM_SlaveConfigSynchro
                         0x800'f471    0x1e  Code  Gb  stm32f4xx_hal_tim.o [1]
HAL_TIM_TriggerCallback
                         0x801'0359    0x1c  Code  Gb  main.o [1]
HAL_UART_Init            0x801'13e1    0x1e  Code  Gb  stm32f4xx_hal_uart.o [1]
HAL_UART_MspInit         0x801'0057    0x60  Code  Gb  stm32f4xx_hal_msp.o [1]
HardFault_Handler        0x801'1ae7     0x2  Code  Gb  stm32f4xx_it.o [1]
LoadInt                  0x800'3203    0x7a  Code  Lc  xprintffull.o [2]
MX_GPIO_Init             0x801'0265    0xc8  Code  Lc  main.o [1]
MX_LWIP_Init             0x801'1951    0x70  Code  Gb  lwip.o [1]
MemManage_Handler        0x801'1ae9     0x2  Code  Gb  stm32f4xx_it.o [1]
NMI_Handler              0x801'1ae5     0x2  Code  Gb  stm32f4xx_it.o [1]
PTPTaskHandle           0x2001'27c4     0x4  Data  Gb  ptpd.o [1]
PendSV_Handler           0x800'bd99          Code  Gb  portasm.o [1]
Region$$Table$$Base      0x801'1b80           --   Gb  - Linker created -
Region$$Table$$Limit     0x801'1ba0           --   Gb  - Linker created -
Rx_Buff                 0x2000'ca80  0x17d0  Data  Gb  ethernetif.o [1]
SVC_Handler              0x800'bdf1          Code  Gb  portasm.o [1]
StartTask                0x801'033d    0x1c  Code  Gb  main.o [1]
SysTick_Handler          0x800'8e49    0x26  Code  Gb  port.o [1]
SystemClock_Config       0x801'01c9    0x94  Code  Gb  main.o [1]
SystemCoreClock         0x2000'0024     0x4  Data  Gb  system_stm32f4xx.o [1]
SystemInit               0x801'1a85    0x3a  Code  Gb  system_stm32f4xx.o [1]
TIM1_UP_TIM10_IRQHandler
                         0x801'1af7     0x6  Code  Gb  stm32f4xx_it.o [1]
TIM2_IRQHandler          0x801'1afd    0x12  Code  Gb  stm32f4xx_it.o [1]
TIM_Base_SetConfig       0x800'f4c9    0x96  Code  Gb  stm32f4xx_hal_tim.o [1]
TIM_ETR_SetConfig        0x800'f653    0x14  Code  Gb  stm32f4xx_hal_tim.o [1]
TIM_ITRx_SetConfig       0x800'f643    0x10  Code  Lc  stm32f4xx_hal_tim.o [1]
TIM_SlaveTimer_SetConfig
                         0x800'f55f    0x72  Code  Lc  stm32f4xx_hal_tim.o [1]
TIM_TI1_ConfigInputStage
                         0x800'f601    0x1e  Code  Lc  stm32f4xx_hal_tim.o [1]
TIM_TI2_ConfigInputStage
                         0x800'f61f    0x24  Code  Lc  stm32f4xx_hal_tim.o [1]
Tx_Buff                 0x2000'e250  0x17d0  Data  Gb  ethernetif.o [1]
UART_SetConfig           0x801'1457   0x13e  Code  Lc  stm32f4xx_hal_uart.o [1]
UsageFault_Handler       0x801'1aed     0x2  Code  Gb  stm32f4xx_it.o [1]
_Encoding_8859_1_Mbrlen
                         0x800'50f9     0x2  Code  Gb  xencoding_8859_1.o [2]
_Encoding_8859_1_Wctomb
                         0x800'50e7    0x12  Code  Gb  xencoding_8859_1.o [2]
_GenldFull               0x800'3c95   0x274  Code  Lc  xprintffull.o [2]
_LdtobFull               0x800'3869   0x400  Code  Lc  xprintffull.o [2]
_LitobFull               0x800'3711   0x112  Code  Lc  xprintffull.o [2]
_Locale_lconv           0x2000'0054    0x38  Data  Lc  xlocale_c.o [2]
_PrintfFull              0x800'3041   0x1aa  Code  Gb  xprintffull.o [2]
_Prout                   0x801'1bd3    0x16  Code  Gb  xprout.o [2]
_PutcharsFull            0x800'3f09    0x2e  Code  Lc  xprintffull.o [2]
_PutfldFull              0x800'327d   0x2d8  Code  Lc  xprintffull.o [2]
_PutstrFull              0x800'364b    0xc6  Code  Lc  xprintffull.o [2]
_PuttxtFull              0x800'3555    0xf6  Code  Lc  xprintffull.o [2]
_Rand_idx               0x2001'49f8     0x4  Data  Lc  rand.o [2]
_Rand_rv                0x2001'4978    0x80  Data  Lc  rand.o [2]
_Randinit               0x2000'004c     0x1  Data  Gb  rand.o [2]
_Randseed               0x2000'0050     0x4  Data  Gb  rand.o [2]
__NVIC_SetPriority       0x800'9399    0x1a  Code  Lc  stm32f4xx_hal_cortex.o [1]
__aeabi_cdcmple          0x800'744d          Code  Gb  DblCmpLe.o [3]
__aeabi_cdrcmple         0x800'747d          Code  Gb  DblCmpGe.o [3]
__aeabi_d2iz             0x800'75e9          Code  Gb  DblToS32.o [3]
__aeabi_d2uiz            0x800'7975          Code  Gb  DblToU32.o [3]
__aeabi_ddiv             0x800'772d          Code  Gb  DblDiv.o [3]
__aeabi_dmul             0x800'7239          Code  Gb  DblMul.o [3]
__aeabi_dsub             0x800'7649          Code  Gb  DblSub.o [3]
__aeabi_i2d              0x800'7625          Code  Gb  S32ToDbl.o [3]
__aeabi_ldiv0            0x800'bbe9          Code  Gb  I64DivZer.o [4]
__aeabi_ldivmod          0x800'6e59          Code  Gb  I64DivMod.o [4]
__aeabi_memclr           0x800'6e51          Code  Gb  ABImemclr.o [4]
__aeabi_memclr4          0x800'9185          Code  Gb  ABImemclr4.o [4]
__aeabi_memcpy           0x800'5041          Code  Gb  ABImemcpy.o [4]
__aeabi_memcpy4          0x800'5061          Code  Gb  ABImemcpy.o [4]
__aeabi_memcpy8          0x800'5061          Code  Gb  ABImemcpy.o [4]
__aeabi_memset4          0x800'bd5d          Code  Gb  ABImemset48.o [4]
__aeabi_memset8          0x800'bd5d          Code  Gb  ABImemset48.o [4]
__aeabi_ui2d             0x800'799d          Code  Gb  U32ToDbl.o [3]
__aeabi_uldivmod         0x800'6e9d          Code  Gb  I64DivMod.o [4]
__cmain                  0x801'1ba1          Code  Gb  cmain.o [4]
__exit                   0x800'ebdd    0x14  Code  Gb  exit.o [5]
__iar_Fail_s             0x800'715d    0x1c  Code  Gb  xfail_s.o [2]
__iar_Mbcurmax           0x800'722d     0xa  Code  Gb  xmbcurmax.o [2]
__iar_Memchr             0x800'71d5          Code  Gb  memchr.o [4]
__iar_Memset4_word       0x800'bd65          Code  Gb  ABImemset48.o [4]
__iar_Memset8_word       0x800'bd65          Code  Gb  ABImemset48.o [4]
__iar_Memset_word        0x800'bb89          Code  Gb  ABImemset.o [4]
__iar_Stdout            0x2000'00d4    0x48  Data  Gb  xfiles.o [2]
__iar_Strchr             0x800'7145          Code  Gb  strchr.o [4]
__iar_dadd               0x800'7659          Code  Gb  DblSub.o [3]
__iar_data_init3         0x801'1b35    0x28  Code  Gb  data_init.o [4]
__iar_dsub               0x800'bbf1          Code  Gb  DblAdd.o [3]
__iar_dsubStart          0x800'bc03          Code  Gb  DblAdd.o [3]
__iar_frexp              0x800'73e9          Code  Gb  frexp.o [3]
__iar_frexpl             0x800'73e9          Code  Gb  frexp.o [3]
__iar_globLocale        0x2000'008c    0x48  Data  Lc  xlocale_c.o [2]
__iar_global_Locale      0x800'70cd     0x4  Code  Gb  xlocale_c.o [2]
__iar_init_vfp           0x801'1b5d          Code  Gb  fpinit_M.o [3]
__iar_ldexp64            0x800'74ad          Code  Gb  ldexp.o [3]
__iar_lz77_init_single3
                         0x800'2dff    0x7a  Code  Gb  lz77_init_single.o [4]
__iar_program_start      0x801'1c11          Code  Gb  cstartup_M.o [4]
__iar_scalbln64          0x800'74ad          Code  Gb  ldexp.o [3]
__iar_scalbn64           0x800'74ad          Code  Gb  ldexp.o [3]
__iar_softfp___iar_frexp64
                         0x800'73dd          Code  Gb  frexp.o [3]
__iar_softfp_frexp       0x800'73dd          Code  Gb  frexp.o [3]
__iar_softfp_frexpl      0x800'73dd          Code  Gb  frexp.o [3]
__iar_zero_init3         0x800'3fbb    0x3a  Code  Gb  zero_init3.o [4]
__low_level_init         0x801'1bbf     0x4  Code  Gb  low_level_init.o [2]
__vector_table           0x800'0000          Data  Gb  startup_stm32f429xx.o [1]
_call_main               0x801'1bad          Code  Gb  cmain.o [4]
_exit                    0x801'1bc9          Code  Gb  cexit.o [4]
_gLocale_mblen           0x800'7131     0x4  Code  Gb  xlocale_c.o [2]
_gLocale_mblenInt        0x800'70f5    0x2c  Code  Gb  xlocale_c.o [2]
_gLocale_wctomb          0x800'7135     0x4  Code  Gb  xlocale_c.o [2]
_gLocale_wctombInt       0x800'712d     0x4  Code  Gb  xlocale_c.o [2]
_main                    0x801'1bbb          Code  Gb  cmain.o [4]
abort                    0x800'bbeb     0x6  Code  Gb  abort.o [2]
ackno                   0x2001'4b40     0x4  Data  Lc  tcp_in.o [1]
addForeign               0x800'1e8f    0xdc  Code  Gb  bmc.o [1]
addTime                  0x800'2f4b    0x12  Code  Gb  arith.o [1]
adjFreq                  0x800'1929    0x18  Code  Gb  sys_time.o [1]
allrouters              0x2001'4c14     0x4  Data  Lc  igmp.o [1]
allsystems              0x2001'4c10     0x4  Data  Lc  igmp.o [1]
arp_table               0x2001'426c    0xf0  Data  Lc  etharp.o [1]
bmc                      0x800'21e5    0x60  Code  Gb  bmc.o [1]
bmcDataSetComparison     0x800'20ab    0xd2  Code  Gb  bmc.o [1]
bmcStateDecision         0x800'217d    0x68  Code  Gb  bmc.o [1]
copyD0                   0x800'2075    0x36  Code  Gb  bmc.o [1]
cyclic_timer             0x800'e949    0x14  Code  Lc  timeouts.o [1]
dhcp_arp_reply           0x801'05fd    0x96  Code  Gb  dhcp.o [1]
dhcp_bind                0x801'075b    0xdc  Code  Lc  dhcp.o [1]
dhcp_check               0x801'0409    0x2a  Code  Lc  dhcp.o [1]
dhcp_coarse_tmr          0x801'04db    0x96  Code  Gb  dhcp.o [1]
dhcp_create_msg          0x801'0b95   0x178  Code  Lc  dhcp.o [1]
dhcp_create_msg::xid    0x2001'4c28     0x4  Data  Lc  dhcp.o [1]
dhcp_delete_msg          0x801'0d23    0x50  Code  Lc  dhcp.o [1]
dhcp_discover            0x801'06b3    0x76  Code  Lc  dhcp.o [1]
dhcp_discover_request_options
                        0x2000'0004     0x4  Data  Lc  dhcp.o [1]
dhcp_fine_tmr            0x801'057f    0x7e  Code  Gb  dhcp.o [1]
dhcp_option              0x801'0a95    0x3e  Code  Lc  dhcp.o [1]
dhcp_option_byte         0x801'0ad3    0x26  Code  Lc  dhcp.o [1]
dhcp_option_long         0x801'0b2d    0x46  Code  Lc  dhcp.o [1]
dhcp_option_short        0x801'0b05    0x28  Code  Lc  dhcp.o [1]
dhcp_option_trailer      0x801'0d79    0x74  Code  Lc  dhcp.o [1]
dhcp_pcb                0x2000'0008     0x4  Data  Lc  dhcp.o [1]
dhcp_pcb_refcount       0x2000'0000     0x1  Data  Lc  dhcp.o [1]
dhcp_rebind              0x801'08c9    0x4e  Code  Lc  dhcp.o [1]
dhcp_reboot              0x801'093f    0x68  Code  Lc  dhcp.o [1]
dhcp_release             0x801'09e5    0x8c  Code  Gb  dhcp.o [1]
dhcp_renew               0x801'0843    0x6c  Code  Gb  dhcp.o [1]
dhcp_select              0x801'0433    0xa8  Code  Lc  dhcp.o [1]
dhcp_set_state           0x801'0a85    0x10  Code  Lc  dhcp.o [1]
dhcp_supplied_address    0x801'0df9    0x1e  Code  Gb  dhcp.o [1]
div2Time                 0x800'2f75    0x24  Code  Gb  arith.o [1]
dns_call_found           0x800'efd3    0x96  Code  Lc  dns.o [1]
dns_check_entry          0x800'f06d    0xec  Code  Lc  dns.o [1]
dns_init                 0x800'ee99     0x2  Code  Gb  dns.o [1]
dns_last_pcb_idx        0x2001'4bc8     0x1  Data  Lc  dns.o [1]
dns_pcbs                0x2001'4bcc    0x10  Data  Lc  dns.o [1]
dns_requests            0x2001'4b4c    0x30  Data  Lc  dns.o [1]
dns_send                 0x800'eeaf   0x124  Code  Lc  dns.o [1]
dns_servers             0x2001'4bc0     0x8  Data  Lc  dns.o [1]
dns_table               0x2001'3230   0x440  Data  Lc  dns.o [1]
dns_tmr                  0x800'ee9b    0x14  Code  Gb  dns.o [1]
doState                  0x800'04e5   0x262  Code  Gb  protocol.o [1]
do_memp_free_pool        0x800'9b91    0x32  Code  Lc  memp.o [1]
do_memp_malloc_pool      0x800'9b1d    0x42  Code  Lc  memp.o [1]
etharp_cached_entry     0x2001'4c7e     0x1  Data  Lc  etharp.o [1]
etharp_cleanup_netif     0x800'f8cf    0x28  Code  Gb  etharp.o [1]
etharp_find_entry        0x800'f6e7   0x14e  Code  Lc  etharp.o [1]
etharp_free_entry        0x800'f66d    0x20  Code  Lc  etharp.o [1]
etharp_input             0x800'f8f7    0xb2  Code  Gb  etharp.o [1]
etharp_output            0x800'fa23   0x12e  Code  Gb  etharp.o [1]
etharp_output_to_arp_index
                         0x800'f9a9    0x6e  Code  Lc  etharp.o [1]
etharp_query             0x800'fb5d   0x13a  Code  Gb  etharp.o [1]
etharp_raw               0x800'fc99    0xcc  Code  Lc  etharp.o [1]
etharp_request           0x800'fd87     0x4  Code  Gb  etharp.o [1]
etharp_request_dst       0x800'fd65    0x22  Code  Lc  etharp.o [1]
etharp_tmr               0x800'f68d    0x5a  Code  Gb  etharp.o [1]
etharp_update_arp_entry
                         0x800'f83d    0x92  Code  Lc  etharp.o [1]
ethbroadcast             0x801'1344     0x8  Data  Gb  ethernet.o [1]
ethernet_input           0x801'119d    0x90  Code  Gb  ethernet.o [1]
ethernet_output          0x801'122d    0x6a  Code  Gb  ethernet.o [1]
ethernetif_init          0x800'4d85    0x38  Code  Gb  ethernetif.o [1]
ethernetif_input         0x800'4d51    0x30  Code  Gb  ethernetif.o [1]
ethzero                  0x801'1c1c     0x8  Data  Gb  ethernet.o [1]
exit                     0x801'1bc3     0x4  Code  Gb  exit.o [2]
filter                   0x800'19fd    0x30  Code  Lc  servo.o [1]
filter::prev            0x2001'4c6c     0x4  Data  Lc  servo.o [1]
findIface                0x800'232d    0x18  Code  Lc  net.o [1]
flags                   0x2001'4b14     0x1  Data  Lc  tcp_in.o [1]
fputc                    0x801'00d9     0xe  Code  Gb  main.o [1]
fromInternalTime         0x800'2ebd    0x2c  Code  Gb  arith.o [1]
getRand                  0x800'1915    0x14  Code  Gb  sys_time.o [1]
getTime                  0x800'18cd    0x14  Code  Gb  sys_time.o [1]
gnetif                  0x2001'4a4c    0x3c  Data  Gb  lwip.o [1]
gw                      0x2001'4a90     0x4  Data  Gb  lwip.o [1]
handle                   0x800'0801   0x160  Code  Lc  protocol.o [1]
handleAnnounce           0x800'0969    0xcc  Code  Lc  protocol.o [1]
handleDelayReq           0x800'0bc3    0xa4  Code  Lc  protocol.o [1]
handleDelayResp          0x800'0c77    0xae  Code  Lc  protocol.o [1]
handleFollowUp           0x800'0aef    0xb4  Code  Lc  protocol.o [1]
handlePDelayReq          0x800'0d4d   0x104  Code  Lc  protocol.o [1]
handlePDelayResp         0x800'0e5d    0xf6  Code  Lc  protocol.o [1]
handlePDelayRespFollowUp
                         0x800'0f6d    0xb6  Code  Lc  protocol.o [1]
handleSync               0x800'0a41    0xa2  Code  Lc  protocol.o [1]
heth                    0x2000'c934    0x48  Data  Gb  ethernetif.o [1]
htim1                   0x2001'4ad4    0x40  Data  Gb  stm32f4xx_hal_timebase_tim.o [1]
htim2                   0x2001'47a4    0x40  Data  Gb  main.o [1]
huart1                  0x2001'4764    0x40  Data  Gb  main.o [1]
icmp_dest_unreach        0x800'a30d     0x6  Code  Gb  icmp.o [1]
icmp_input               0x800'a1f1   0x116  Code  Gb  icmp.o [1]
icmp_send_response       0x800'a319    0x7e  Code  Lc  icmp.o [1]
icmp_time_exceeded       0x800'a315     0x4  Code  Gb  icmp.o [1]
igmp_delaying_member     0x800'565b    0x22  Code  Lc  igmp.o [1]
igmp_init                0x800'5259    0x12  Code  Gb  igmp.o [1]
igmp_input               0x800'533d    0x9e  Code  Gb  igmp.o [1]
igmp_joingroup           0x800'53db    0x74  Code  Gb  igmp.o [1]
igmp_joingroup_netif     0x800'544f    0x86  Code  Gb  igmp.o [1]
igmp_leavegroup          0x800'54dd    0x72  Code  Gb  igmp.o [1]
igmp_leavegroup_netif    0x800'554f    0x9a  Code  Gb  igmp.o [1]
igmp_lookfor_group       0x800'52b9    0x14  Code  Gb  igmp.o [1]
igmp_lookup_group        0x800'52cd    0x70  Code  Lc  igmp.o [1]
igmp_report_groups       0x800'529b    0x1e  Code  Gb  igmp.o [1]
igmp_send                0x800'567d    0xaa  Code  Lc  igmp.o [1]
igmp_start               0x800'526b    0x30  Code  Gb  igmp.o [1]
igmp_start_timer         0x800'5637    0x24  Code  Lc  igmp.o [1]
igmp_tmr                 0x800'55f9    0x3e  Code  Gb  igmp.o [1]
inet_chksum              0x800'9d77     0xc  Code  Gb  inet_chksum.o [1]
initClock                0x800'1989    0x74  Code  Gb  servo.o [1]
initData                 0x800'1d93    0xd8  Code  Gb  bmc.o [1]
initTimer                0x800'17e5    0x62  Code  Gb  timer.o [1]
inseg                   0x2001'4b18    0x10  Data  Lc  tcp_in.o [1]
ip4_addr_isbroadcast_u32
                         0x800'5f31    0x32  Code  Gb  ip4_addr.o [1]
ip4_default_multicast_netif
                        0x2001'4c2c     0x4  Data  Lc  ip4.o [1]
ip4_frag                 0x800'c571   0x1a0  Code  Gb  ip4_frag.o [1]
ip4_input                0x800'9de9   0x1c8  Code  Gb  ip4.o [1]
ip4_output_if            0x800'9fb1    0x10  Code  Gb  ip4.o [1]
ip4_output_if_opt        0x800'9fc1    0x2e  Code  Gb  ip4.o [1]
ip4_output_if_opt_src    0x800'a015   0x104  Code  Gb  ip4.o [1]
ip4_output_if_src        0x800'9fef     0x8  Code  Gb  ip4.o [1]
ip4_reass                0x800'c3a5   0x16e  Code  Gb  ip4_frag.o [1]
ip4_route                0x800'9d85    0x64  Code  Gb  ip4.o [1]
ip4addr_aton             0x800'5f65   0x134  Code  Gb  ip4_addr.o [1]
ip_addr_any              0x801'1c2c     0x4  Data  Gb  ip4_addr.o [1]
ip_addr_broadcast        0x801'1c30     0x4  Data  Gb  ip4_addr.o [1]
ip_data                 0x2001'4bdc    0x18  Data  Gb  ip.o [1]
ip_frag_free_pbuf_custom_ref
                         0x800'c51d    0x26  Code  Lc  ip4_frag.o [1]
ip_id                   0x2001'4c7c     0x2  Data  Lc  ip4.o [1]
ip_reass_chain_frag_into_datagram_and_validate
                         0x800'c24d   0x158  Code  Lc  ip4_frag.o [1]
ip_reass_dequeue_datagram
                         0x800'c211    0x3c  Code  Lc  ip4_frag.o [1]
ip_reass_enqueue_new_datagram
                         0x800'c1c7    0x4a  Code  Lc  ip4_frag.o [1]
ip_reass_free_complete_datagram
                         0x800'c085    0xd0  Code  Lc  ip4_frag.o [1]
ip_reass_pbufcount      0x2001'4c18     0x2  Data  Lc  ip4_frag.o [1]
ip_reass_remove_oldest_datagram
                         0x800'c15f    0x68  Code  Lc  ip4_frag.o [1]
ip_reass_tmr             0x800'c059    0x2c  Code  Gb  ip4_frag.o [1]
ipaddr                  0x2001'4a88     0x4  Data  Gb  lwip.o [1]
ipfrag_free_pbuf_custom
                         0x800'c545    0x2a  Code  Lc  ip4_frag.o [1]
isSamePortIdentity       0x800'1e6b    0x24  Code  Gb  bmc.o [1]
issueDelayReqTimerExpired
                         0x800'1049   0x11e  Code  Lc  protocol.o [1]
issueSync                0x800'1181    0x92  Code  Lc  protocol.o [1]
ldexp                    0x800'74ad          Code  Gb  ldexp.o [3]
ldexpl                   0x800'74ad          Code  Gb  ldexp.o [3]
lfree                   0x2001'20ac     0x4  Data  Lc  mem.o [1]
localeconv               0x800'7139     0x4  Code  Gb  xlocale_c.o [2]
lock_tcpip_core         0x2001'4c00     0x4  Data  Gb  tcpip.o [1]
low_level_init           0x800'4a6b   0x142  Code  Lc  ethernetif.o [1]
low_level_input          0x800'4c7d    0xc6  Code  Lc  ethernetif.o [1]
low_level_output         0x800'4bb7    0xc6  Code  Lc  ethernetif.o [1]
lwip_cyclic_timers       0x800'eb74    0x38  Data  Gb  timeouts.o [1]
lwip_htonl               0x800'6e35    0x1a  Code  Gb  def.o [1]
lwip_htons               0x800'6e29     0xc  Code  Gb  def.o [1]
lwip_init                0x800'ebad    0x2e  Code  Gb  init.o [1]
lwip_standard_chksum     0x800'9d15    0x56  Code  Gb  inet_chksum.o [1]
lwip_sys_mutex          0x2001'4c70     0x4  Data  Gb  sys_arch.o [1]
m1                       0x800'1f6b    0x60  Code  Gb  bmc.o [1]
main                     0x801'00e9    0xe0  Code  Gb  main.o [1]
makeFreeRtosPriority     0x800'4535     0xc  Code  Lc  cmsis_os.o [1]
mbox                    0x2001'4bfc     0x4  Data  Lc  tcpip.o [1]
mem_free                 0x800'b6a9    0x98  Code  Gb  mem.o [1]
mem_init                 0x800'b65d    0x4c  Code  Gb  mem.o [1]
mem_malloc               0x800'b841   0x10c  Code  Gb  mem.o [1]
mem_mutex               0x2001'2704     0x4  Data  Lc  mem.o [1]
mem_trim                 0x800'b741    0xf4  Code  Gb  mem.o [1]
memchr                   0x800'71d5          Code  Gb  memchr.o [4]
memcmp                   0x800'4fd9          Code  Gb  memcmp.o [4]
memp_FRAG_PBUF           0x801'1a0c     0xc  Data  Gb  memp.o [1]
memp_IGMP_GROUP          0x801'1a48     0xc  Data  Gb  memp.o [1]
memp_NETBUF              0x801'1a18     0xc  Data  Gb  memp.o [1]
memp_NETCONN             0x801'1a24     0xc  Data  Gb  memp.o [1]
memp_NETDB               0x801'1a60     0xc  Data  Gb  memp.o [1]
memp_PBUF                0x801'1a6c     0xc  Data  Gb  memp.o [1]
memp_PBUF_POOL           0x801'1a78     0xc  Data  Gb  memp.o [1]
memp_REASSDATA           0x801'1a00     0xc  Data  Gb  memp.o [1]
memp_SYS_TIMEOUT         0x801'1a54     0xc  Data  Gb  memp.o [1]
memp_TCPIP_MSG_API       0x801'1a30     0xc  Data  Gb  memp.o [1]
memp_TCPIP_MSG_INPKT     0x801'1a3c     0xc  Data  Gb  memp.o [1]
memp_TCP_PCB             0x801'19dc     0xc  Data  Gb  memp.o [1]
memp_TCP_PCB_LISTEN      0x801'19e8     0xc  Data  Gb  memp.o [1]
memp_TCP_SEG             0x801'19f4     0xc  Data  Gb  memp.o [1]
memp_UDP_PCB             0x801'19d0     0xc  Data  Gb  memp.o [1]
memp_free                0x800'9bc5    0x22  Code  Gb  memp.o [1]
memp_init                0x800'9b01    0x1a  Code  Gb  memp.o [1]
memp_init_pool           0x800'9ad9    0x28  Code  Gb  memp.o [1]
memp_malloc              0x800'9b61    0x20  Code  Gb  memp.o [1]
memp_memory_FRAG_PBUF_base
                        0x2001'3bcc   0x1e4  Data  Gb  memp.o [1]
memp_memory_IGMP_GROUP_base
                        0x2001'48f4    0x84  Data  Gb  memp.o [1]
memp_memory_NETBUF_base
                        0x2001'4b7c    0x24  Data  Gb  memp.o [1]
memp_memory_NETCONN_base
                        0x2001'4440    0xb4  Data  Gb  memp.o [1]
memp_memory_NETDB_base  0x2001'3f34   0x138  Data  Gb  memp.o [1]
memp_memory_PBUF_POOL_base
                        0x2000'fa20  0x2684  Data  Gb  memp.o [1]
memp_memory_PBUF_base   0x2001'3db0   0x184  Data  Gb  memp.o [1]
memp_memory_REASSDATA_base
                        0x2001'4598    0xa4  Data  Gb  memp.o [1]
memp_memory_SYS_TIMEOUT_base
                        0x2001'2708    0x74  Data  Gb  memp.o [1]
memp_memory_TCPIP_MSG_API_base
                        0x2001'47ec    0x84  Data  Gb  memp.o [1]
memp_memory_TCPIP_MSG_INPKT_base
                        0x2001'4870    0x84  Data  Gb  memp.o [1]
memp_memory_TCP_PCB_LISTEN_base
                        0x2001'435c    0xe4  Data  Gb  memp.o [1]
memp_memory_TCP_PCB_base
                        0x2001'3670   0x2fc  Data  Gb  memp.o [1]
memp_memory_TCP_SEG_base
                        0x2001'406c   0x104  Data  Gb  memp.o [1]
memp_memory_UDP_PCB_base
                        0x2001'44f4    0xa4  Data  Gb  memp.o [1]
memp_pools               0x800'9cd8    0x3c  Data  Gb  memp.o [1]
memp_tab_FRAG_PBUF      0x2001'4c44     0x4  Data  Lc  memp.o [1]
memp_tab_IGMP_GROUP     0x2001'4c58     0x4  Data  Lc  memp.o [1]
memp_tab_NETBUF         0x2001'4c48     0x4  Data  Lc  memp.o [1]
memp_tab_NETCONN        0x2001'4c4c     0x4  Data  Lc  memp.o [1]
memp_tab_NETDB          0x2001'4c60     0x4  Data  Lc  memp.o [1]
memp_tab_PBUF           0x2001'4c64     0x4  Data  Lc  memp.o [1]
memp_tab_PBUF_POOL      0x2001'4c68     0x4  Data  Lc  memp.o [1]
memp_tab_REASSDATA      0x2001'4c40     0x4  Data  Lc  memp.o [1]
memp_tab_SYS_TIMEOUT    0x2001'4c5c     0x4  Data  Lc  memp.o [1]
memp_tab_TCPIP_MSG_API  0x2001'4c50     0x4  Data  Lc  memp.o [1]
memp_tab_TCPIP_MSG_INPKT
                        0x2001'4c54     0x4  Data  Lc  memp.o [1]
memp_tab_TCP_PCB        0x2001'4c34     0x4  Data  Lc  memp.o [1]
memp_tab_TCP_PCB_LISTEN
                        0x2001'4c38     0x4  Data  Lc  memp.o [1]
memp_tab_TCP_SEG        0x2001'4c3c     0x4  Data  Lc  memp.o [1]
memp_tab_UDP_PCB        0x2001'4c30     0x4  Data  Lc  memp.o [1]
msgPackAnnounce          0x800'2a53    0x78  Code  Gb  msg.o [1]
msgPackDelayReq          0x800'2b79    0x2e  Code  Gb  msg.o [1]
msgPackDelayResp         0x800'2c35    0x48  Code  Gb  msg.o [1]
msgPackFollowUp          0x800'2bcd    0x28  Code  Gb  msg.o [1]
msgPackHeader            0x800'2a0f    0x44  Code  Gb  msg.o [1]
msgPackPDelayReq         0x800'2c81    0x4c  Code  Gb  msg.o [1]
msgPackPDelayResp        0x800'2cdf    0x42  Code  Gb  msg.o [1]
msgPackPDelayRespFollowUp
                         0x800'2d71    0x2e  Code  Gb  msg.o [1]
msgPackSync              0x800'2b37    0x30  Code  Gb  msg.o [1]
msgUnpackAnnounce        0x800'2ad5    0x62  Code  Gb  msg.o [1]
msgUnpackDelayResp       0x800'2c7d     0x4  Code  Gb  msg.o [1]
msgUnpackFollowUp        0x800'2c31     0x4  Code  Gb  msg.o [1]
msgUnpackHeader          0x800'2975    0x9a  Code  Gb  msg.o [1]
msgUnpackPDelayResp      0x800'2d39     0x2  Code  Gb  msg.o [1]
msgUnpackPDelayRespFollowUp
                         0x800'2dfb     0x4  Code  Gb  msg.o [1]
msgUnpackSync            0x800'2b75     0x4  Code  Gb  msg.o [1]
myTimer01Handle         0x2001'47e8     0x4  Data  Gb  main.o [1]
netEmptyEventQ           0x800'2535    0x38  Code  Gb  net.o [1]
netInit                  0x800'23a1   0x156  Code  Gb  net.o [1]
netQCheck                0x800'22ab    0x28  Code  Lc  net.o [1]
netQInit                 0x800'2265     0xc  Code  Lc  net.o [1]
netQPut                  0x800'2271    0x3a  Code  Lc  net.o [1]
netRecv                  0x800'256d    0x9e  Code  Lc  net.o [1]
netRecvEvent             0x800'2621     0xa  Code  Gb  net.o [1]
netRecvEventCallback     0x800'2345    0x22  Code  Lc  net.o [1]
netRecvGeneral           0x800'262b     0x8  Code  Gb  net.o [1]
netRecvGeneralCallback   0x800'2367    0x22  Code  Lc  net.o [1]
netSelect                0x800'2519    0x1c  Code  Gb  net.o [1]
netSend                  0x800'2639    0x86  Code  Lc  net.o [1]
netSendEvent             0x800'26c9    0x16  Code  Gb  net.o [1]
netSendGeneral           0x800'26df    0x14  Code  Gb  net.o [1]
netSendPeerEvent         0x800'2703     0xe  Code  Gb  net.o [1]
netSendPeerGeneral       0x800'26f3    0x10  Code  Gb  net.o [1]
netShutdown              0x800'22d3    0x5a  Code  Gb  net.o [1]
netif_add                0x800'ec71    0x94  Code  Gb  netif.o [1]
netif_default           0x2001'4c0c     0x4  Data  Gb  netif.o [1]
netif_init               0x800'ec6d     0x2  Code  Gb  netif.o [1]
netif_issue_reports      0x800'edc1    0x30  Code  Lc  netif.o [1]
netif_list              0x2001'4c08     0x4  Data  Gb  netif.o [1]
netif_num               0x2001'4c04     0x1  Data  Lc  netif.o [1]
netif_set_addr           0x800'ed05    0x44  Code  Gb  netif.o [1]
netif_set_default        0x800'ed95     0x6  Code  Gb  netif.o [1]
netif_set_down           0x800'edf1    0x1a  Code  Gb  netif.o [1]
netif_set_gw             0x800'ed85     0x8  Code  Gb  netif.o [1]
netif_set_ipaddr         0x800'ed49    0x3c  Code  Gb  netif.o [1]
netif_set_netmask        0x800'ed8d     0x8  Code  Gb  netif.o [1]
netif_set_up             0x800'eda5    0x1c  Code  Gb  netif.o [1]
netmask                 0x2001'4a8c     0x4  Data  Gb  lwip.o [1]
next_timeout            0x2001'4c20     0x4  Data  Lc  timeouts.o [1]
normalizeTime            0x800'2f1b    0x30  Code  Gb  arith.o [1]
obuf                    0x2001'49fc    0x50  Data  Lc  xfiles.o [2]
osDelay                  0x800'45b9     0xe  Code  Gb  cmsis_os.o [1]
osKernelStart            0x800'4541     0xa  Code  Gb  cmsis_os.o [1]
osKernelSysTick          0x800'454b    0x10  Code  Gb  cmsis_os.o [1]
osMessageCreate          0x800'47df    0x2a  Code  Gb  cmsis_os.o [1]
osMessageGet             0x800'4845    0x5c  Code  Gb  cmsis_os.o [1]
osMessagePut             0x800'4809    0x3c  Code  Gb  cmsis_os.o [1]
osMutexCreate            0x800'467b    0x12  Code  Gb  cmsis_os.o [1]
osMutexRelease           0x800'46cf    0x36  Code  Gb  cmsis_os.o [1]
osMutexWait              0x800'468d    0x42  Code  Gb  cmsis_os.o [1]
osSemaphoreCreate        0x800'4705    0x3e  Code  Gb  cmsis_os.o [1]
osSemaphoreRelease       0x800'47a9    0x36  Code  Gb  cmsis_os.o [1]
osSemaphoreWait          0x800'4743    0x42  Code  Gb  cmsis_os.o [1]
osThreadCreate           0x800'455b    0x5e  Code  Gb  cmsis_os.o [1]
osTimerCreate            0x800'45c7    0x36  Code  Gb  cmsis_os.o [1]
osTimerStart             0x800'45fd    0x3e  Code  Gb  cmsis_os.o [1]
osTimerStop              0x800'463b    0x40  Code  Gb  cmsis_os.o [1]
os_mutex_def_lwip_sys_mutex
                         0x800'5248     0x8  Data  Gb  sys_arch.o [1]
pbuf_alloc               0x800'6189   0x1d0  Code  Gb  pbuf.o [1]
pbuf_alloced_custom      0x800'636d    0x60  Code  Gb  pbuf.o [1]
pbuf_cat                 0x800'6651    0x72  Code  Gb  pbuf.o [1]
pbuf_chain               0x800'66c3    0x10  Code  Gb  pbuf.o [1]
pbuf_clen                0x800'660d    0x12  Code  Gb  pbuf.o [1]
pbuf_copy                0x800'66d3    0xf8  Code  Gb  pbuf.o [1]
pbuf_copy_partial        0x800'67cd    0x84  Code  Gb  pbuf.o [1]
pbuf_free                0x800'6545    0xc2  Code  Gb  pbuf.o [1]
pbuf_free_ooseq_callback
                         0x800'6121    0x2a  Code  Lc  pbuf.o [1]
pbuf_free_ooseq_pending
                        0x2001'4c7f     0x1  Data  Gb  pbuf.o [1]
pbuf_header              0x800'653d     0x4  Code  Gb  pbuf.o [1]
pbuf_header_force        0x800'6541     0x4  Code  Gb  pbuf.o [1]
pbuf_header_impl         0x800'649f    0x9e  Code  Lc  pbuf.o [1]
pbuf_pool_is_empty       0x800'614b    0x32  Code  Lc  pbuf.o [1]
pbuf_put_at              0x800'6969    0x1c  Code  Gb  pbuf.o [1]
pbuf_realloc             0x800'63cd    0xcc  Code  Gb  pbuf.o [1]
pbuf_ref                 0x800'661f    0x32  Code  Gb  pbuf.o [1]
pbuf_skip                0x800'6867     0x2  Code  Gb  pbuf.o [1]
pbuf_skip_const          0x800'6851    0x16  Code  Lc  pbuf.o [1]
pbuf_take                0x800'6869    0xa6  Code  Gb  pbuf.o [1]
pbuf_take_at             0x800'6915    0x54  Code  Gb  pbuf.o [1]
plug_holes               0x800'b5b1    0xac  Code  Lc  mem.o [1]
printf                   0x800'17a1    0x28  Code  Gb  printf.o [2]
prvAddCurrentTaskToDelayedList
                         0x800'822b    0x5e  Code  Lc  tasks.o [1]
prvAddNewTaskToReadyList
                         0x800'7b21    0xa8  Code  Lc  tasks.o [1]
prvCheckForValidListAndQueue
                         0x800'4359    0x4e  Code  Lc  timers.o [1]
prvCheckForValidListAndQueue{1}{2}{3}{4}::ucStaticTimerQueueStorage
                        0x2001'41f4    0x78  Data  Lc  timers.o [1]
prvCheckForValidListAndQueue{1}{2}{3}{4}::xStaticTimerQueue
                        0x2001'41ac    0x48  Data  Lc  timers.o [1]
prvCopyDataFromQueue     0x800'8bf9    0x28  Code  Lc  queue.o [1]
prvCopyDataToQueue       0x800'8b91    0x68  Code  Lc  queue.o [1]
prvDeleteTCB             0x800'7fe3    0x2e  Code  Lc  tasks.o [1]
prvIdleTask              0x800'7fa1    0x42  Code  Lc  tasks.o [1]
prvInitialiseMutex       0x800'861b    0x12  Code  Lc  queue.o [1]
prvInitialiseNewQueue    0x800'8605    0x16  Code  Lc  queue.o [1]
prvInitialiseNewTask     0x800'7a9d    0x84  Code  Lc  tasks.o [1]
prvInitialiseNewTimer    0x800'40b5    0x3a  Code  Lc  timers.o [1]
prvInsertBlockIntoFreeList
                         0x800'840f    0x46  Code  Lc  heap_4.o [1]
prvInsertTimerInActiveList
                         0x800'4273    0x34  Code  Lc  timers.o [1]
prvIsQueueEmpty          0x800'8c85    0x16  Code  Lc  queue.o [1]
prvProcessReceivedCommands
                         0x800'42a9    0xb0  Code  Lc  timers.o [1]
prvProcessTimerOrBlockTask
                         0x800'4157    0x94  Code  Lc  timers.o [1]
prvResetNextTaskUnblockTime
                         0x800'8011    0x1a  Code  Lc  tasks.o [1]
prvSampleTimeNow         0x800'41eb    0x78  Code  Lc  timers.o [1]
prvSampleTimeNow::xLastTime
                        0x2001'4180     0x4  Data  Lc  timers.o [1]
prvTaskExitError         0x800'8d35    0x1c  Code  Lc  port.o [1]
prvTimerTask             0x800'4139    0x1e  Code  Lc  timers.o [1]
prvUnlockQueue           0x800'8c21    0x64  Code  Lc  queue.o [1]
ptpClock                0x2001'27d0   0x448  Data  Gb  ptpd.o [1]
ptpForeignRecords       0x2001'2c18   0x1b8  Data  Gb  ptpd.o [1]
ptp_alert_queue         0x2001'27c8     0x4  Data  Lc  ptpd.o [1]
ptpdStartup              0x800'8f01    0x62  Code  Gb  startup.o [1]
ptpdTimers              0x2001'4ba8    0x18  Data  Lc  timer.o [1]
ptpdTimersExpired       0x2001'4ba0     0x8  Data  Lc  timer.o [1]
ptpd_alert               0x800'4475     0x8  Code  Gb  ptpd.o [1]
ptpd_init                0x800'447d    0x32  Code  Gb  ptpd.o [1]
ptpd_thread              0x800'43dd    0x98  Code  Lc  ptpd.o [1]
putchar                  0x801'1be9     0xc  Code  Gb  putchar.o [2]
pvPortMalloc             0x800'82a9   0x104  Code  Gb  heap_4.o [1]
pvTaskIncrementMutexHeldCount
                         0x800'81f3    0x14  Code  Gb  tasks.o [1]
pvTimerGetTimerID        0x800'43b1    0x12  Code  Gb  timers.o [1]
pxCurrentTCB            0x2001'4664     0x4  Data  Gb  tasks.o [1]
pxCurrentTimerList      0x2001'4170     0x4  Data  Lc  timers.o [1]
pxDelayedTaskList       0x2001'4668     0x4  Data  Lc  tasks.o [1]
pxEnd                   0x2000'0124     0x4  Data  Lc  heap_4.o [1]
pxOverflowDelayedTaskList
                        0x2001'466c     0x4  Data  Lc  tasks.o [1]
pxOverflowTimerList     0x2001'4174     0x4  Data  Lc  timers.o [1]
pxPortInitialiseStack    0x800'8d0d    0x26  Code  Gb  port.o [1]
pxReadyTasksLists       0x2001'46d8    0x8c  Data  Lc  tasks.o [1]
ram                     0x2001'20a4     0x4  Data  Lc  mem.o [1]
ram_end                 0x2001'20a8     0x4  Data  Lc  mem.o [1]
ram_heap                0x2001'20b0   0x654  Data  Gb  mem.o [1]
rand                     0x800'4f35    0x94  Code  Gb  rand.o [2]
reassdatagrams          0x2001'4c1c     0x4  Data  Lc  ip4_frag.o [1]
recv_acked              0x2001'4b2e     0x2  Data  Lc  tcp_in.o [1]
recv_data               0x2001'4b44     0x4  Data  Lc  tcp_in.o [1]
recv_flags              0x2001'4b15     0x1  Data  Lc  tcp_in.o [1]
rtOpts                  0x2001'2780    0x44  Data  Gb  ptpd.o [1]
s1                       0x800'1fcb    0xaa  Code  Gb  bmc.o [1]
s_xSemaphore            0x2000'c97c     0x4  Data  Gb  ethernetif.o [1]
scalbln                  0x800'74ad          Code  Gb  ldexp.o [3]
scalblnl                 0x800'74ad          Code  Gb  ldexp.o [3]
scalbn                   0x800'74ad          Code  Gb  ldexp.o [3]
scalbnl                  0x800'74ad          Code  Gb  ldexp.o [3]
scale                    0x800'3823    0x46  Code  Lc  xprintffull.o [2]
scaledNanosecondsToInternalTime
                         0x800'2e79    0x3c  Code  Gb  arith.o [1]
sec_hand                0x2001'4c78     0x4  Data  Lc  xfail_s.o [2]
seqno                   0x2001'4b3c     0x4  Data  Lc  tcp_in.o [1]
setTime                  0x800'18e5    0x30  Code  Gb  sys_time.o [1]
startTaskHandle         0x2001'47e4     0x4  Data  Gb  main.o [1]
stateString              0x800'01ad    0x3c  Code  Lc  protocol.o [1]
strchr                   0x800'7145          Code  Gb  strchr.o [4]
strlen                   0x800'719d          Code  Gb  strlen.o [4]
subTime                  0x800'2f5d    0x10  Code  Gb  arith.o [1]
sys_arch_mbox_fetch      0x800'515d    0x3e  Code  Gb  sys_arch.o [1]
sys_arch_protect         0x800'5217    0x12  Code  Gb  sys_arch.o [1]
sys_arch_unprotect       0x800'5229     0x2  Code  Gb  sys_arch.o [1]
sys_init                 0x800'51a9    0x10  Code  Gb  sys_arch.o [1]
sys_mbox_new             0x800'5105    0x2e  Code  Gb  sys_arch.o [1]
sys_mbox_post            0x800'5133    0x18  Code  Gb  sys_arch.o [1]
sys_mbox_trypost         0x800'514b    0x12  Code  Gb  sys_arch.o [1]
sys_mbox_valid           0x800'519b     0x2  Code  Gb  sys_arch.o [1]
sys_mutex_lock           0x800'51db     0xa  Code  Gb  sys_arch.o [1]
sys_mutex_new            0x800'51b9    0x22  Code  Gb  sys_arch.o [1]
sys_mutex_unlock         0x800'51e5     0x2  Code  Gb  sys_arch.o [1]
sys_now                  0x800'4dbd     0x4  Code  Gb  ethernetif.o [1]
sys_thread_new           0x800'51e7    0x30  Code  Gb  sys_arch.o [1]
sys_timeout              0x800'e985    0x92  Code  Gb  timeouts.o [1]
sys_timeouts_init        0x800'e95d    0x28  Code  Gb  timeouts.o [1]
sys_timeouts_mbox_fetch
                         0x800'ea17    0x8c  Code  Gb  timeouts.o [1]
tcp_abandon              0x800'a6dd    0xbc  Code  Gb  tcp.o [1]
tcp_abort                0x800'a7cd     0x4  Code  Gb  tcp.o [1]
tcp_active_pcbs         0x2000'0038     0x4  Data  Gb  tcp.o [1]
tcp_active_pcbs_changed
                        0x2000'0028     0x1  Data  Gb  tcp.o [1]
tcp_alloc                0x800'ade1    0xe4  Code  Gb  tcp.o [1]
tcp_backoff              0x800'b2dc    0x10  Data  Lc  tcp.o [1]
tcp_bound_pcbs          0x2000'0030     0x4  Data  Gb  tcp.o [1]
tcp_close                0x800'a6c9    0x12  Code  Gb  tcp.o [1]
tcp_close_shutdown       0x800'a4c9   0x14c  Code  Lc  tcp.o [1]
tcp_close_shutdown_fin   0x800'a615    0x72  Code  Lc  tcp.o [1]
tcp_create_segment       0x800'df99    0xae  Code  Lc  tcp_out.o [1]
tcp_eff_send_mss_impl    0x800'afad    0x24  Code  Gb  tcp.o [1]
tcp_enqueue_flags        0x800'e061   0x11a  Code  Gb  tcp_out.o [1]
tcp_fasttmr              0x800'ac2b    0x5e  Code  Gb  tcp.o [1]
tcp_getoptbyte           0x800'dc09    0x26  Code  Lc  tcp_in.o [1]
tcp_init                 0x800'a4a9     0x2  Code  Gb  tcp.o [1]
tcp_input                0x800'c915   0x446  Code  Gb  tcp_in.o [1]
tcp_input_delayed_close
                         0x800'ceb9    0x3c  Code  Lc  tcp_in.o [1]
tcp_input_pcb           0x2001'4b48     0x4  Data  Gb  tcp_in.o [1]
tcp_keepalive            0x800'e67f    0x4c  Code  Gb  tcp_out.o [1]
tcp_kill_state           0x800'ad79    0x56  Code  Lc  tcp.o [1]
tcp_listen_input         0x800'cef5    0xea  Code  Lc  tcp_in.o [1]
tcp_listen_pcbs         0x2000'0034     0x4  Data  Gb  tcp.o [1]
tcp_netif_ip_addr_changed
                         0x800'afef    0x44  Code  Gb  tcp.o [1]
tcp_netif_ip_addr_changed_pcblist
                         0x800'afd1    0x1e  Code  Lc  tcp.o [1]
tcp_next_iss             0x800'afa1     0xc  Code  Gb  tcp.o [1]
tcp_next_iss::iss       0x2000'0040     0x4  Data  Lc  tcp.o [1]
tcp_oos_insert_segment   0x800'd3a5    0x66  Code  Lc  tcp_in.o [1]
tcp_optidx              0x2001'4b2c     0x2  Data  Lc  tcp_in.o [1]
tcp_output               0x800'e1eb   0x1f8  Code  Gb  tcp_out.o [1]
tcp_output_alloc_header
                         0x800'ded5    0x80  Code  Lc  tcp_out.o [1]
tcp_output_segment       0x800'e3f7    0x9c  Code  Lc  tcp_out.o [1]
tcp_parseopt             0x800'dc35    0x66  Code  Lc  tcp_in.o [1]
tcp_pcb_lists            0x800'a8bc    0x10  Data  Gb  tcp.o [1]
tcp_pcb_purge            0x800'aecb    0x46  Code  Gb  tcp.o [1]
tcp_pcb_remove           0x800'af11    0x8a  Code  Gb  tcp.o [1]
tcp_persist_backoff      0x800'b2ec     0x8  Data  Lc  tcp.o [1]
tcp_process              0x800'cfe1   0x36e  Code  Lc  tcp_in.o [1]
tcp_process_refused_data
                         0x800'ac99    0x6a  Code  Gb  tcp.o [1]
tcp_receive              0x800'd43d   0x750  Code  Lc  tcp_in.o [1]
tcp_recv_null            0x800'ad55    0x24  Code  Gb  tcp.o [1]
tcp_recved               0x800'a847    0x76  Code  Gb  tcp.o [1]
tcp_rexmit               0x800'e5e7    0x4a  Code  Gb  tcp_out.o [1]
tcp_rexmit_fast          0x800'e631    0x4e  Code  Gb  tcp_out.o [1]
tcp_rexmit_rto           0x800'e5b9    0x2e  Code  Gb  tcp_out.o [1]
tcp_rst                  0x800'e4a5    0x94  Code  Gb  tcp_out.o [1]
tcp_seg_copy             0x800'ad31    0x24  Code  Gb  tcp.o [1]
tcp_seg_free             0x800'ad15    0x1c  Code  Gb  tcp.o [1]
tcp_segs_free            0x800'ad03    0x12  Code  Gb  tcp.o [1]
tcp_send_empty_ack       0x800'e181    0x6a  Code  Gb  tcp_out.o [1]
tcp_send_fin             0x800'df55    0x44  Code  Gb  tcp_out.o [1]
tcp_slowtmr              0x800'a8cd   0x35e  Code  Gb  tcp.o [1]
tcp_ticks               0x2000'002c     0x4  Data  Gb  tcp.o [1]
tcp_timer               0x2001'4c81     0x1  Data  Lc  tcp.o [1]
tcp_timer_ctr           0x2000'0029     0x1  Data  Lc  tcp.o [1]
tcp_timer_needed         0x800'e925    0x24  Code  Gb  timeouts.o [1]
tcp_tmr                  0x800'a4ab    0x1c  Code  Gb  tcp.o [1]
tcp_trigger_input_pcb_close
                         0x800'dc9b     0xc  Code  Gb  tcp_in.o [1]
tcp_tw_pcbs             0x2000'003c     0x4  Data  Gb  tcp.o [1]
tcp_update_rcv_ann_wnd   0x800'a7f7    0x50  Code  Gb  tcp.o [1]
tcp_zero_window_probe    0x800'e6cb    0xac  Code  Gb  tcp_out.o [1]
tcphdr                  0x2001'4b34     0x4  Data  Lc  tcp_in.o [1]
tcphdr_opt1len          0x2001'4b2a     0x2  Data  Lc  tcp_in.o [1]
tcphdr_opt2             0x2001'4b38     0x4  Data  Lc  tcp_in.o [1]
tcphdr_optlen           0x2001'4b28     0x2  Data  Lc  tcp_in.o [1]
tcpip_callback_with_block
                         0x800'b3d7    0x52  Code  Gb  tcpip.o [1]
tcpip_init               0x800'b449    0x60  Code  Gb  tcpip.o [1]
tcpip_init_done         0x2001'4bf4     0x4  Data  Lc  tcpip.o [1]
tcpip_init_done_arg     0x2001'4bf8     0x4  Data  Lc  tcpip.o [1]
tcpip_inpkt              0x800'b383    0x44  Code  Gb  tcpip.o [1]
tcpip_input              0x800'b3c7    0x10  Code  Gb  tcpip.o [1]
tcpip_tcp_timer          0x800'e8fd    0x28  Code  Lc  timeouts.o [1]
tcpip_tcp_timer_active  0x2001'4c74     0x4  Data  Lc  timeouts.o [1]
tcpip_thread             0x800'b2f5    0x8e  Code  Lc  tcpip.o [1]
tcplen                  0x2001'4b30     0x2  Data  Lc  tcp_in.o [1]
timeouts_last_time      0x2001'4c24     0x4  Data  Lc  timeouts.o [1]
timerCallback            0x800'17c9    0x1a  Code  Lc  timer.o [1]
timerExpired             0x800'1877    0x16  Code  Gb  timer.o [1]
timerStart               0x800'1861    0x16  Code  Gb  timer.o [1]
timerStop                0x800'1847    0x1a  Code  Gb  timer.o [1]
toInternalTime           0x800'2ee9    0x22  Code  Gb  arith.o [1]
toState                  0x800'0279   0x216  Code  Gb  protocol.o [1]
ucHeap                  0x2000'0134  0xc800  Data  Lc  heap_4.o [1]
ucMaxSysCallPriority    0x2000'000c     0x1  Data  Lc  port.o [1]
udp_bind                 0x800'5d47    0x9a  Code  Gb  udp.o [1]
udp_disconnect           0x800'5de1    0x10  Code  Gb  udp.o [1]
udp_init                 0x800'5ab1     0x2  Code  Gb  udp.o [1]
udp_input                0x800'5ab3   0x12c  Code  Gb  udp.o [1]
udp_netif_ip_addr_changed
                         0x800'5e3b    0x30  Code  Gb  udp.o [1]
udp_new                  0x800'5e1f    0x1c  Code  Gb  udp.o [1]
udp_pcbs                0x2000'0048     0x4  Data  Gb  udp.o [1]
udp_port                0x2000'0044     0x2  Data  Lc  udp.o [1]
udp_recv                 0x800'5df1     0x6  Code  Gb  udp.o [1]
udp_remove               0x800'5df7    0x28  Code  Gb  udp.o [1]
udp_sendto               0x800'5bdf    0x50  Code  Gb  udp.o [1]
udp_sendto_if            0x800'5c2f    0x3a  Code  Gb  udp.o [1]
udp_sendto_if_src        0x800'5c69    0xde  Code  Gb  udp.o [1]
ulMaxPRIGROUPValue      0x2000'0014     0x4  Data  Lc  port.o [1]
updateClock              0x800'1b91    0xfc  Code  Gb  servo.o [1]
updateDelay              0x800'1ad7    0x50  Code  Gb  servo.o [1]
updateOffset             0x800'1a2d    0xaa  Code  Gb  servo.o [1]
updateOffset::init_flag
                        0x2001'4c80     0x1  Data  Lc  servo.o [1]
updatePeerDelay          0x800'1b27    0x68  Code  Gb  servo.o [1]
uwTick                  0x2000'001c     0x4  Data  Gb  stm32f4xx_hal.o [1]
uwTickFreq              0x2000'0018     0x1  Data  Gb  stm32f4xx_hal.o [1]
uwTickPrio              0x2000'0020     0x4  Data  Gb  stm32f4xx_hal.o [1]
uxCriticalNesting       0x2000'0010     0x4  Data  Lc  port.o [1]
uxCurrentNumberOfTasks  0x2001'4688     0x4  Data  Lc  tasks.o [1]
uxDeletedTasksWaitingCleanUp
                        0x2001'4670     0x4  Data  Lc  tasks.o [1]
uxListRemove             0x800'84c9    0x26  Code  Gb  list.o [1]
uxPendedTicks           0x2001'4698     0x4  Data  Lc  tasks.o [1]
uxSchedulerSuspended    0x2001'46ac     0x4  Data  Lc  tasks.o [1]
uxTaskNumber            0x2001'46a4     0x4  Data  Lc  tasks.o [1]
uxTopReadyPriority      0x2001'4690     0x4  Data  Lc  tasks.o [1]
vApplicationGetIdleTaskMemory
                         0x800'79b9    0x10  Code  Gb  freertos.o [1]
vApplicationGetTimerTaskMemory
                         0x800'79c9    0x12  Code  Gb  freertos.o [1]
vListInitialise          0x800'845d    0x1a  Code  Gb  list.o [1]
vListInitialiseItem      0x800'8477     0x6  Code  Gb  list.o [1]
vListInsert              0x800'8497    0x32  Code  Gb  list.o [1]
vListInsertEnd           0x800'847d    0x1a  Code  Gb  list.o [1]
vPortEnableVFP           0x800'be2d          Code  Gb  portasm.o [1]
vPortEnterCritical       0x800'8df5    0x32  Code  Gb  port.o [1]
vPortExitCritical        0x800'8e27    0x22  Code  Gb  port.o [1]
vPortFree                0x800'83bb    0x46  Code  Gb  heap_4.o [1]
vPortStartFirstTask      0x800'be0d          Code  Gb  portasm.o [1]
vPortValidateInterruptPriority
                         0x800'8e71    0x34  Code  Gb  port.o [1]
vQueueAddToRegistry      0x800'8c9b    0x20  Code  Gb  queue.o [1]
vQueueWaitForMessageRestricted
                         0x800'8cc5    0x48  Code  Gb  queue.o [1]
vTaskDelay               0x800'7bc9    0x2e  Code  Gb  tasks.o [1]
vTaskInternalSetTimeOutState
                         0x800'7f1f     0xe  Code  Gb  tasks.o [1]
vTaskMissedYield         0x800'7f93     0xa  Code  Gb  tasks.o [1]
vTaskPlaceOnEventList    0x800'7e4d    0x20  Code  Gb  tasks.o [1]
vTaskPlaceOnEventListRestricted
                         0x800'7e8d    0x2a  Code  Gb  tasks.o [1]
vTaskPriorityDisinheritAfterTimeout
                         0x800'815d    0x88  Code  Gb  tasks.o [1]
vTaskStartScheduler      0x800'7c07    0x6e  Code  Gb  tasks.o [1]
vTaskSuspendAll          0x800'7c75     0xc  Code  Gb  tasks.o [1]
vTaskSwitchContext       0x800'7dfb    0x52  Code  Gb  tasks.o [1]
xActiveTimerList1       0x2001'4184    0x14  Data  Lc  timers.o [1]
xActiveTimerList2       0x2001'4198    0x14  Data  Lc  timers.o [1]
xBlockAllocatedBit      0x2000'0130     0x4  Data  Lc  heap_4.o [1]
xDelayedTaskList1       0x2001'46b0    0x14  Data  Lc  tasks.o [1]
xDelayedTaskList2       0x2001'46c4    0x14  Data  Lc  tasks.o [1]
xFreeBytesRemaining     0x2000'0128     0x4  Data  Lc  heap_4.o [1]
xIdleStack              0x2001'39cc   0x200  Data  Lc  freertos.o [1]
xIdleTaskTCBBuffer      0x2001'396c    0x60  Data  Lc  freertos.o [1]
xMinimumEverFreeBytesRemaining
                        0x2000'012c     0x4  Data  Lc  heap_4.o [1]
xNextTaskUnblockTime    0x2001'46a8     0x4  Data  Lc  tasks.o [1]
xNumOfOverflows         0x2001'46a0     0x4  Data  Lc  tasks.o [1]
xPendingReadyList       0x2001'463c    0x14  Data  Lc  tasks.o [1]
xPortStartScheduler      0x800'8d51    0xa4  Code  Gb  port.o [1]
xQueueCreateMutex        0x800'862d    0x16  Code  Gb  queue.o [1]
xQueueCreateMutexStatic
                         0x800'8643    0x1a  Code  Gb  queue.o [1]
xQueueGenericCreate      0x800'85c7    0x3e  Code  Gb  queue.o [1]
xQueueGenericCreateStatic
                         0x800'8569    0x5e  Code  Gb  queue.o [1]
xQueueGenericReset       0x800'84f1    0x78  Code  Gb  queue.o [1]
xQueueGenericSend        0x800'865d   0x128  Code  Gb  queue.o [1]
xQueueGenericSendFromISR
                         0x800'878d    0x8a  Code  Gb  queue.o [1]
xQueueGiveFromISR        0x800'8817    0x70  Code  Gb  queue.o [1]
xQueueReceive            0x800'889b    0xfc  Code  Gb  queue.o [1]
xQueueReceiveFromISR     0x800'8aff    0x82  Code  Gb  queue.o [1]
xQueueRegistry          0x2001'4a94    0x40  Data  Gb  queue.o [1]
xQueueSemaphoreTake      0x800'89a1   0x128  Code  Gb  queue.o [1]
xSchedulerRunning       0x2001'4694     0x4  Data  Lc  tasks.o [1]
xStart                  0x2000'011c     0x8  Data  Lc  heap_4.o [1]
xSuspendedTaskList      0x2001'4674    0x14  Data  Lc  tasks.o [1]
xTaskCheckForTimeOut     0x800'7f2d    0x66  Code  Gb  tasks.o [1]
xTaskCreate              0x800'7a41    0x5c  Code  Gb  tasks.o [1]
xTaskCreateStatic        0x800'79e5    0x5c  Code  Gb  tasks.o [1]
xTaskGetSchedulerState   0x800'802b    0x18  Code  Gb  tasks.o [1]
xTaskGetTickCount        0x800'7d29     0x8  Code  Gb  tasks.o [1]
xTaskGetTickCountFromISR
                         0x800'7d31     0xe  Code  Gb  tasks.o [1]
xTaskIncrementTick       0x800'7d3f    0xbc  Code  Gb  tasks.o [1]
xTaskPriorityDisinherit
                         0x800'80c5    0x78  Code  Gb  tasks.o [1]
xTaskPriorityInherit     0x800'8043    0x7c  Code  Gb  tasks.o [1]
xTaskRemoveFromEventList
                         0x800'7ec3    0x52  Code  Gb  tasks.o [1]
xTaskResumeAll           0x800'7c81    0x98  Code  Gb  tasks.o [1]
xTasksWaitingTermination
                        0x2001'4650    0x14  Data  Lc  tasks.o [1]
xTickCount              0x2001'468c     0x4  Data  Lc  tasks.o [1]
xTimerCreate             0x800'4041    0x34  Code  Gb  timers.o [1]
xTimerCreateStatic       0x800'4075    0x32  Code  Gb  timers.o [1]
xTimerCreateTimerTask    0x800'3ff5    0x4c  Code  Gb  timers.o [1]
xTimerGenericCommand     0x800'40ef    0x48  Code  Gb  timers.o [1]
xTimerQueue             0x2001'4178     0x4  Data  Lc  timers.o [1]
xTimerStack             0x2001'2e30   0x400  Data  Lc  freertos.o [1]
xTimerTaskHandle        0x2001'417c     0x4  Data  Lc  timers.o [1]
xTimerTaskTCBBuffer     0x2001'2dd0    0x60  Data  Lc  freertos.o [1]
xYieldPending           0x2001'469c     0x4  Data  Lc  tasks.o [1]


[1] = E:\TTE\EmbededPTP\PTPSlave\EWARM\ptptest\Obj
[2] = dl7M_tlf.a
[3] = m7M_tls.a
[4] = rt7M_tl.a
[5] = shb_l.a

   72 850 bytes of readonly  code memory
      384 bytes of readonly  data memory
  101 506 bytes of readwrite data memory

Errors: none
Warnings: none
